TAP version 13
# Subtest: 완료된 세션 상태 경계: 대기 question (전환=same)
ok 1 - 완료된 세션 상태 경계: 대기 question (전환=same)
  ---
  duration_ms: 65.688
  ...
# Subtest: 완료된 세션 상태 경계: 대기 question (전환=clear)
ok 2 - 완료된 세션 상태 경계: 대기 question (전환=clear)
  ---
  duration_ms: 45.8576
  ...
# Subtest: 완료된 세션 상태 경계: 대기 question (전환=restore)
ok 3 - 완료된 세션 상태 경계: 대기 question (전환=restore)
  ---
  duration_ms: 77.6588
  ...
# Subtest: 완료된 세션 상태 경계: 대기 patch (전환=same)
ok 4 - 완료된 세션 상태 경계: 대기 patch (전환=same)
  ---
  duration_ms: 61.4525
  ...
# Subtest: 완료된 세션 상태 경계: 대기 patch (전환=clear)
ok 5 - 완료된 세션 상태 경계: 대기 patch (전환=clear)
  ---
  duration_ms: 79.291
  ...
# Subtest: 완료된 세션 상태 경계: 대기 patch (전환=restore)
ok 6 - 완료된 세션 상태 경계: 대기 patch (전환=restore)
  ---
  duration_ms: 76.7272
  ...
# Subtest: 완료된 세션 상태 경계: 열린 visual 버전 (전환=same)
ok 7 - 완료된 세션 상태 경계: 열린 visual 버전 (전환=same)
  ---
  duration_ms: 186.0265
  ...
# Subtest: 완료된 세션 상태 경계: 열린 visual 버전 (전환=clear)
ok 8 - 완료된 세션 상태 경계: 열린 visual 버전 (전환=clear)
  ---
  duration_ms: 186.9156
  ...
# Subtest: 완료된 세션 상태 경계: 열린 visual 버전 (전환=restore)
ok 9 - 완료된 세션 상태 경계: 열린 visual 버전 (전환=restore)
  ---
  duration_ms: 184.3006
  ...
# Subtest: 완료된 세션 상태 경계: 열린 code_only 버전 (전환=same)
ok 10 - 완료된 세션 상태 경계: 열린 code_only 버전 (전환=same)
  ---
  duration_ms: 122.8534
  ...
# Subtest: 완료된 세션 상태 경계: 열린 code_only 버전 (전환=clear)
ok 11 - 완료된 세션 상태 경계: 열린 code_only 버전 (전환=clear)
  ---
  duration_ms: 181.727
  ...
# Subtest: 완료된 세션 상태 경계: 열린 code_only 버전 (전환=restore)
ok 12 - 완료된 세션 상태 경계: 열린 code_only 버전 (전환=restore)
  ---
  duration_ms: 186.6369
  ...
# Subtest: 완료된 세션 상태 경계: 다음 코드 전용 버전은 다음 세션의 호환 그래프를 쓴다
ok 13 - 완료된 세션 상태 경계: 다음 코드 전용 버전은 다음 세션의 호환 그래프를 쓴다
  ---
  duration_ms: 218.649
  ...
1..13
# tests 13
# suites 0
# pass 13
# fail 0
# cancelled 0
# skipped 0
# todo 0
# duration_ms 1782.614
