TAP version 13
# Subtest: mount(): 헤더(타이틀·부제·탭 3종·검색·CTA)와 통계 카드 4장이 렌더된다
ok 1 - mount(): 헤더(타이틀·부제·탭 3종·검색·CTA)와 통계 카드 4장이 렌더된다
  ---
  duration_ms: 6.8636
  ...
# Subtest: 통계 카드: "진행 중"만 fixture, 나머지 3장은 live로 표시된다(3단계 라이브 승격)
ok 2 - 통계 카드: "진행 중"만 fixture, 나머지 3장은 live로 표시된다(3단계 라이브 승격)
  ---
  duration_ms: 1.0869
  ...
# Subtest: 통계 카드: 데이터가 없을 때 "다음 실행"·"오늘 발화"는 지어낸 값 없이 정직한 빈 상태를 보여준다(P3)
ok 3 - 통계 카드: 데이터가 없을 때 "다음 실행"·"오늘 발화"는 지어낸 값 없이 정직한 빈 상태를 보여준다(P3)
  ---
  duration_ms: 1.4878
  ...
# Subtest: 통계 카드: 예약(scheduled) 라우틴이 있으면 "다음 실행"이 그 next_fire_at으로 채워진다
ok 4 - 통계 카드: 예약(scheduled) 라우틴이 있으면 "다음 실행"이 그 next_fire_at으로 채워진다
  ---
  duration_ms: 25.2271
  ...
# Subtest: 성향 제안 카드만 is-accent가 붙는다
ok 5 - 성향 제안 카드만 is-accent가 붙는다
  ---
  duration_ms: 1.2439
  ...
# Subtest: refresh(): 라우틴을 받아오면 부제(루틴 N · 감시 M)가 채워진다
ok 6 - refresh(): 라우틴을 받아오면 부제(루틴 N · 감시 M)가 채워진다
  ---
  duration_ms: 1.7802
  ...
# Subtest: "모두" 탭: watch 2건 + draft 1건(8단계, ◌ 점선 핑크) + 예약(schedule) 1건이 모두 live로 보인다(3단계)
ok 7 - "모두" 탭: watch 2건 + draft 1건(8단계, ◌ 점선 핑크) + 예약(schedule) 1건이 모두 live로 보인다(3단계)
  ---
  duration_ms: 1.3676
  ...
# Subtest: 예약(schedule) 행에는 live 출처가 코드로 표시된다(3단계 — 더 이상 fixture가 아니다, P3)
ok 8 - 예약(schedule) 행에는 live 출처가 코드로 표시된다(3단계 — 더 이상 fixture가 아니다, P3)
  ---
  duration_ms: 2.1176
  ...
# Subtest: 라이브 라우틴이 하나도 없으면 "조건에 맞는 작업이 없습니다"가 뜬다(예약 fixture 폴백 없음, 3단계)
ok 9 - 라이브 라우틴이 하나도 없으면 "조건에 맞는 작업이 없습니다"가 뜬다(예약 fixture 폴백 없음, 3단계)
  ---
  duration_ms: 1.1732
  ...
# Subtest: 탭 "활성": 감시 active 1건 + 예약(schedule) active 1건이 남는다
ok 10 - 탭 "활성": 감시 active 1건 + 예약(schedule) active 1건이 남는다
  ---
  duration_ms: 3.186
  ...
# Subtest: 탭 "일시중지": 감시 paused 1건 + 예약(schedule) paused 1건이 남는다
ok 11 - 탭 "일시중지": 감시 paused 1건 + 예약(schedule) paused 1건이 남는다
  ---
  duration_ms: 0.8465
  ...
# Subtest: 예약(schedule) 행은 watch(periodic)와 아이콘 색이 구분된다(사실11⑥, statusRowIcon 3분기)
ok 12 - 예약(schedule) 행은 watch(periodic)와 아이콘 색이 구분된다(사실11⑥, statusRowIcon 3분기)
  ---
  duration_ms: 0.7273
  ...
# Subtest: 검색어를 입력하면 감시·예약 모두에서 제목/부제 부분일치로 좁혀진다
ok 13 - 검색어를 입력하면 감시·예약 모두에서 제목/부제 부분일치로 좁혀진다
  ---
  duration_ms: 1.8129
  ...
# Subtest: 검색 결과가 0건이면 "조건에 맞는 작업이 없습니다"가 뜬다
ok 14 - 검색 결과가 0건이면 "조건에 맞는 작업이 없습니다"가 뜬다
  ---
  duration_ms: 0.7843
  ...
# Subtest: 기본으로 첫 행이 선택돼 상세 패널에 채워진다
ok 15 - 기본으로 첫 행이 선택돼 상세 패널에 채워진다
  ---
  duration_ms: 1.0215
  ...
# Subtest: 행을 클릭하면 상세 패널이 그 항목으로 바뀐다
ok 16 - 행을 클릭하면 상세 패널이 그 항목으로 바뀐다
  ---
  duration_ms: 1.6048
  ...
# Subtest: 감시(watch) 상세는 백엔드 실제 필드(소스·쿨다운)만 보여준다 — 지어내지 않는다
ok 17 - 감시(watch) 상세는 백엔드 실제 필드(소스·쿨다운)만 보여준다 — 지어내지 않는다
  ---
  duration_ms: 1.1049
  ...
# Subtest: 예약(schedule) 상세는 백엔드 실제 필드(소스·쿨다운·다음 실행)를 보여주고 data-source가 live다(3단계)
ok 18 - 예약(schedule) 상세는 백엔드 실제 필드(소스·쿨다운·다음 실행)를 보여주고 data-source가 live다(3단계)
  ---
  duration_ms: 1.2276
  ...
# Subtest: 예약(schedule) 상세 — "브리핑 모델" 설정값과 "실행 위치"(최근 브리핑 보고 destination)가 실데이터로 렌더된다(6단계)
ok 19 - 예약(schedule) 상세 — "브리핑 모델" 설정값과 "실행 위치"(최근 브리핑 보고 destination)가 실데이터로 렌더된다(6단계)
  ---
  duration_ms: 14.7794
  ...
# Subtest: "실행 위치"는 refresh()마다 재조회된다 — 같은 항목을 계속 봐도 낡은 값이 남지 않는다
ok 20 - "실행 위치"는 refresh()마다 재조회된다 — 같은 항목을 계속 봐도 낡은 값이 남지 않는다
  ---
  duration_ms: 16.8314
  ...
# Subtest: 감시(watch) active 항목은 "❚❚ 일시중지" 버튼이 활성화돼 있고 클릭 시 pauseRoutine을 부른다
ok 21 - 감시(watch) active 항목은 "❚❚ 일시중지" 버튼이 활성화돼 있고 클릭 시 pauseRoutine을 부른다
  ---
  duration_ms: 1.0624
  ...
# Subtest: 감시(watch) paused 항목은 "▶ 재개" 버튼이 활성화돼 있고 클릭 시 resumeRoutine을 부른다
ok 22 - 감시(watch) paused 항목은 "▶ 재개" 버튼이 활성화돼 있고 클릭 시 resumeRoutine을 부른다
  ---
  duration_ms: 0.5746
  ...
# Subtest: 예약(schedule) 항목은 일시중지 버튼이 항상 비활성이다(F1 최소선 스코프 밖 — 3단계)
ok 23 - 예약(schedule) 항목은 일시중지 버튼이 항상 비활성이다(F1 최소선 스코프 밖 — 3단계)
  ---
  duration_ms: 0.5481
  ...
# Subtest: pauseRoutine 호출 후 상세 패널이 refresh()로 실제 상태를 다시 받아 재개 버튼으로 바뀐다
ok 24 - pauseRoutine 호출 후 상세 패널이 refresh()로 실제 상태를 다시 받아 재개 버튼으로 바뀐다
  ---
  duration_ms: 0.5674
  ...
# Subtest: 일시중지 성공은 성공 결과 한 건을 낸다 — 배지·리드·사실행 세 조각
ok 25 - 일시중지 성공은 성공 결과 한 건을 낸다 — 배지·리드·사실행 세 조각
  ---
  duration_ms: 1.3614
  ...
# Subtest: 제어가 거절당하면 실패 결과에 다시 시도 칩이 붙고 코드 번호는 빠진다
ok 26 - 제어가 거절당하면 실패 결과에 다시 시도 칩이 붙고 코드 번호는 빠진다
  ---
  duration_ms: 1.2072
  ...
# Subtest: 실패 결과에는 다시 부를 손잡이가 함께 온다 — 같은 제어를 그대로 다시 부른다
ok 27 - 실패 결과에는 다시 부를 손잡이가 함께 온다 — 같은 제어를 그대로 다시 부른다
  ---
  duration_ms: 0.9474
  ...
# Subtest: onControlResult 배선이 없으면 제어는 그대로 돌아간다 — 조용히 넘어간다
ok 28 - onControlResult 배선이 없으면 제어는 그대로 돌아간다 — 조용히 넘어간다
  ---
  duration_ms: 0.5437
  ...
# Subtest: 최근 실행 로그는 fixture로 표시된다(ledger 라이브 연결은 10단계 몫)
ok 29 - 최근 실행 로그는 fixture로 표시된다(ledger 라이브 연결은 10단계 몫)
  ---
  duration_ms: 0.377
  ...
# Subtest: watch 상세: "루틴 발화 — 묻지 않은 턴입니다" + "채팅에서 열기 ↗" 버튼이 뜬다
ok 30 - watch 상세: "루틴 발화 — 묻지 않은 턴입니다" + "채팅에서 열기 ↗" 버튼이 뜬다
  ---
  duration_ms: 0.4633
  ...
# Subtest: schedule 상세에도 "채팅에서 열기 ↗"가 뜬다(watch 전용이 아니다 — 예약도 능동 턴을 만든다)
ok 31 - schedule 상세에도 "채팅에서 열기 ↗"가 뜬다(watch 전용이 아니다 — 예약도 능동 턴을 만든다)
  ---
  duration_ms: 1.0661
  ...
# Subtest: draft 상세에는 "채팅에서 열기 ↗"가 없다(draft는 발화한 적이 없다, 최근 실행 섹션과 같은 가드)
ok 32 - draft 상세에는 "채팅에서 열기 ↗"가 없다(draft는 발화한 적이 없다, 최근 실행 섹션과 같은 가드)
  ---
  duration_ms: 0.4183
  ...
# Subtest: "채팅에서 열기 ↗" 클릭은 onOpenInChat을 그 항목의 id로 부른다
ok 33 - "채팅에서 열기 ↗" 클릭은 onOpenInChat을 그 항목의 id로 부른다
  ---
  duration_ms: 0.4171
  ...
# Subtest: 사용자가 고른 행이 필터로 사라지면 상세 패널이 남은 첫 항목으로 넘어간다
ok 34 - 사용자가 고른 행이 필터로 사라지면 상세 패널이 남은 첫 항목으로 넘어간다
  ---
  duration_ms: 0.4894
  ...
# Subtest: 사용자가 선택하기 전까지는 새로고침 때마다 항상 "지금 첫 항목"을 따라간다
ok 35 - 사용자가 선택하기 전까지는 새로고침 때마다 항상 "지금 첫 항목"을 따라간다
  ---
  duration_ms: 0.4976
  ...
# Subtest: CTA 클릭은 onNewTaskClick을 부른다(43번 원칙 — 시트를 열지 않는다)
ok 36 - CTA 클릭은 onNewTaskClick을 부른다(43번 원칙 — 시트를 열지 않는다)
  ---
  duration_ms: 0.2831
  ...
# Subtest: fetchRoutines가 실패하면 정직하게 빈 목록이다(3단계부터 예약 fixture 폴백이 없다, P3)
ok 37 - fetchRoutines가 실패하면 정직하게 빈 목록이다(3단계부터 예약 fixture 폴백이 없다, P3)
  ---
  duration_ms: 0.4659
  ...
# Subtest: stale-응답 가드: 먼저 보낸 요청이 나중에 도착해도 최신 데이터를 덮지 않는다
ok 38 - stale-응답 가드: 먼저 보낸 요청이 나중에 도착해도 최신 데이터를 덮지 않는다
  ---
  duration_ms: 34.3246
  ...
# Subtest: container가 없으면 mount/refresh가 조용히 아무 것도 안 한다
ok 39 - container가 없으면 mount/refresh가 조용히 아무 것도 안 한다
  ---
  duration_ms: 0.3775
  ...
# Subtest: fetchProfileSummary가 없으면 제안 섹션이 숨는다(빈 라벨을 노출하지 않는다, P3)
ok 40 - fetchProfileSummary가 없으면 제안 섹션이 숨는다(빈 라벨을 노출하지 않는다, P3)
  ---
  duration_ms: 0.4875
  ...
# Subtest: 제안 섹션: 신호가 있으면 보이고 제목·근거문이 실제 필드로만 채워진다(지어내지 않는다)
ok 41 - 제안 섹션: 신호가 있으면 보이고 제목·근거문이 실제 필드로만 채워진다(지어내지 않는다)
  ---
  duration_ms: 0.8039
  ...
# Subtest: rationale이 없으면(nullable) 근거문에서 그 부분만 빠진다 — 지어내지 않는다
ok 42 - rationale이 없으면(nullable) 근거문에서 그 부분만 빠진다 — 지어내지 않는다
  ---
  duration_ms: 0.6877
  ...
# Subtest: "추가" 클릭 시 onAddSuggestion이 실제 필드로 조합한 문장을 받는다(시트를 열지 않는다, 43 원칙)
ok 43 - "추가" 클릭 시 onAddSuggestion이 실제 필드로 조합한 문장을 받는다(시트를 열지 않는다, 43 원칙)
  ---
  duration_ms: 1.0578
  ...
# Subtest: fetchProfileSummary가 실패하면 제안 섹션이 숨는다(지어낸 제안을 보여주지 않는다, P3)
ok 44 - fetchProfileSummary가 실패하면 제안 섹션이 숨는다(지어낸 제안을 보여주지 않는다, P3)
  ---
  duration_ms: 0.7649
  ...
# Subtest: 제안 stale-응답 가드: 먼저 보낸 요청이 나중에 도착해도 최신 데이터를 덮지 않는다
ok 45 - 제안 stale-응답 가드: 먼저 보낸 요청이 나중에 도착해도 최신 데이터를 덮지 않는다
  ---
  duration_ms: 42.0926
  ...
# Subtest: 라우틴 refresh가 실패해도 제안 refresh는 독립적으로 성공한다(서로 무관한 왕복)
ok 46 - 라우틴 refresh가 실패해도 제안 refresh는 독립적으로 성공한다(서로 무관한 왕복)
  ---
  duration_ms: 0.5608
  ...
# Subtest: draft 행은 ◌ 아이콘·"초안 — 채팅에서 만드는 중" 부제·"지금" trailing을 갖는다
ok 47 - draft 행은 ◌ 아이콘·"초안 — 채팅에서 만드는 중" 부제·"지금" trailing을 갖는다
  ---
  duration_ms: 0.4409
  ...
# Subtest: draft 상세: 상태 배지가 "초안"이고, 일시중지 버튼도 "최근 실행" 섹션도 없다(읽기 전용, 동선 규칙③)
ok 48 - draft 상세: 상태 배지가 "초안"이고, 일시중지 버튼도 "최근 실행" 섹션도 없다(읽기 전용, 동선 규칙③)
  ---
  duration_ms: 0.4543
  ...
# Subtest: 탭 "일시중지"·"활성"에는 draft가 나타나지 않는다(draft는 두 상태 어느 쪽도 아니다)
ok 49 - 탭 "일시중지"·"활성"에는 draft가 나타나지 않는다(draft는 두 상태 어느 쪽도 아니다)
  ---
  duration_ms: 0.3693
  ...
# Subtest: mount(): 뷰 탭 4종(작업/알람/라이브/제안)이 있고 "작업"이 기본 활성이다(11단계에서 제안 추가)
ok 50 - mount(): 뷰 탭 4종(작업/알람/라이브/제안)이 있고 "작업"이 기본 활성이다(11단계에서 제안 추가)
  ---
  duration_ms: 0.2748
  ...
# Subtest: mount(): "작업" 뷰에서는 통계·리스트가 보이고 알람·라이브 컬럼은 숨는다
ok 51 - mount(): "작업" 뷰에서는 통계·리스트가 보이고 알람·라이브 컬럼은 숨는다
  ---
  duration_ms: 0.2632
  ...
# Subtest: setActiveView("alerts"): 통계·리스트·검색·CTA가 숨고 알람·라이브 컬럼과 "모두 읽음으로"가 보인다
ok 52 - setActiveView("alerts"): 통계·리스트·검색·CTA가 숨고 알람·라이브 컬럼과 "모두 읽음으로"가 보인다
  ---
  duration_ms: 1.2474
  ...
# Subtest: 알람 행: 실제 fetchAlerts() 필드(title·sub·firedAt)만 쓴다 — 미확인은 is-unread
ok 53 - 알람 행: 실제 fetchAlerts() 필드(title·sub·firedAt)만 쓴다 — 미확인은 is-unread
  ---
  duration_ms: 0.5951
  ...
# Subtest: 알람 탭 라벨: 미확인 개수가 있으면 "알람 N", 없으면 "알람"
ok 54 - 알람 탭 라벨: 미확인 개수가 있으면 "알람 N", 없으면 "알람"
  ---
  duration_ms: 0.4145
  ...
# Subtest: 알람이 하나도 없으면 "받은 알람이 없습니다"가 뜬다(fixture로 채우지 않는다, P3)
ok 55 - 알람이 하나도 없으면 "받은 알람이 없습니다"가 뜬다(fixture로 채우지 않는다, P3)
  ---
  duration_ms: 0.3356
  ...
# Subtest: "모두 읽음으로" 클릭 시 markAllAlertsRead가 불리고 알람 컬럼이 다시 그려진다
ok 56 - "모두 읽음으로" 클릭 시 markAllAlertsRead가 불리고 알람 컬럼이 다시 그려진다
  ---
  duration_ms: 0.482
  ...
# Subtest: 라이브 컬럼: 진행바 2건 + "다음 24시간" 타임라인 4건이 fixture로 뜬다
ok 57 - 라이브 컬럼: 진행바 2건 + "다음 24시간" 타임라인 4건이 fixture로 뜬다
  ---
  duration_ms: 0.3285
  ...
# Subtest: "WS 연결됨" — getWsConnected()가 실데이터다, false면 정직하게 "연결 안 됨"
ok 58 - "WS 연결됨" — getWsConnected()가 실데이터다, false면 정직하게 "연결 안 됨"
  ---
  duration_ms: 0.281
  ...
# Subtest: 감시(watch) 상세에만 "전체 이력 보기 →"가 있다 — draft·예약(schedule)에는 없다
ok 59 - 감시(watch) 상세에만 "전체 이력 보기 →"가 있다 — draft·예약(schedule)에는 없다
  ---
  duration_ms: 0.5134
  ...
# Subtest: "전체 이력 보기 →" 클릭 시 브레드크럼("작업 › 이름"+배지)이 뜨고 작업 화면이 숨는다
ok 60 - "전체 이력 보기 →" 클릭 시 브레드크럼("작업 › 이름"+배지)이 뜨고 작업 화면이 숨는다
  ---
  duration_ms: 4.3399
  ...
# Subtest: 최근 30회는 fetchRuns(id) 실데이터 — 최신 먼저, ledger 실제 verdict 3종만 아이콘화한다(AC10)
ok 61 - 최근 30회는 fetchRuns(id) 실데이터 — 최신 먼저, ledger 실제 verdict 3종만 아이콘화한다(AC10)
  ---
  duration_ms: 3.9846
  ...
# Subtest: 실행 이력이 없으면 "실행 이력이 없습니다"가 뜬다(지어내지 않는다, P3)
ok 62 - 실행 이력이 없으면 "실행 이력이 없습니다"가 뜬다(지어내지 않는다, P3)
  ---
  duration_ms: 1.0255
  ...
# Subtest: 30회 통계 3타일(평균·발화→열람·이어진 대화)은 전부 live다(F-stage5b-FE, R2에서 지표 정의 미확정 타일 제거)
ok 63 - 30회 통계 3타일(평균·발화→열람·이어진 대화)은 전부 live다(F-stage5b-FE, R2에서 지표 정의 미확정 타일 제거)
  ---
  duration_ms: 1.0463
  ...
# Subtest: "발화→열람"·"이어진 대화" 타일: fetchEngagement가 없거나 실패하면 지어낸 숫자 없이 "—"를 보여준다(P3)
ok 64 - "발화→열람"·"이어진 대화" 타일: fetchEngagement가 없거나 실패하면 지어낸 숫자 없이 "—"를 보여준다(P3)
  ---
  duration_ms: 13.3162
  ...
# Subtest: "발화→열람"·"이어진 대화" 타일: opened_rate/replied_count(F-stage5b-BE)를 라이브로 표시한다
ok 65 - "발화→열람"·"이어진 대화" 타일: opened_rate/replied_count(F-stage5b-BE)를 라이브로 표시한다
  ---
  duration_ms: 15.8995
  ...
# Subtest: "평균" 타일: fetchAvgDuration이 없거나 실패하면 지어낸 숫자 없이 "—"를 보여준다(P3)
ok 66 - "평균" 타일: fetchAvgDuration이 없거나 실패하면 지어낸 숫자 없이 "—"를 보여준다(P3)
  ---
  duration_ms: 15.9925
  ...
# Subtest: "평균" 타일: avg_duration_ms(4단계, ms)를 초 단위 문자열로 라이브 표시한다
ok 67 - "평균" 타일: avg_duration_ms(4단계, ms)를 초 단위 문자열로 라이브 표시한다
  ---
  duration_ms: 15.6825
  ...
# Subtest: "오늘 산출물" 카드 — 오늘 발화된 브리핑 본문이 있으면 실데이터로 렌더된다(6단계, fixture 제거)
ok 68 - "오늘 산출물" 카드 — 오늘 발화된 브리핑 본문이 있으면 실데이터로 렌더된다(6단계, fixture 제거)
  ---
  duration_ms: 15.5122
  ...
# Subtest: "오늘 산출물" 카드 — 오늘 발화 브리핑이 없으면(어제 것뿐이어도) 카드 자체를 렌더하지 않는다
ok 69 - "오늘 산출물" 카드 — 오늘 발화 브리핑이 없으면(어제 것뿐이어도) 카드 자체를 렌더하지 않는다
  ---
  duration_ms: 14.584
  ...
# Subtest: "오늘 산출물" 카드 — truncated면 절단 사실을 명시한다(잘렸다는 사실을 숨기지 않는다, P3)
ok 70 - "오늘 산출물" 카드 — truncated면 절단 사실을 명시한다(잘렸다는 사실을 숨기지 않는다, P3)
  ---
  duration_ms: 16.1351
  ...
# Subtest: "작업 ›" 클릭 시 드릴인이 닫히고 "작업" 화면이 복원된다
ok 71 - "작업 ›" 클릭 시 드릴인이 닫히고 "작업" 화면이 복원된다
  ---
  duration_ms: 15.8753
  ...
# Subtest: "작업 ›" 클릭 후에는 "작업" 탭이 다시 활성으로 표시된다(실측 버그 수정 — 이전엔 복귀 후 아무 탭도 활성이 아니었다)
ok 72 - "작업 ›" 클릭 후에는 "작업" 탭이 다시 활성으로 표시된다(실측 버그 수정 — 이전엔 복귀 후 아무 탭도 활성이 아니었다)
  ---
  duration_ms: 1.6998
  ...
# Subtest: setActiveView("proactive"): 작업 화면이 숨고 프로액티브 화면 + "그래프 모드에서 근거 보기 →"가 보인다
ok 73 - setActiveView("proactive"): 작업 화면이 숨고 프로액티브 화면 + "그래프 모드에서 근거 보기 →"가 보인다
  ---
  duration_ms: 0.355
  ...
# Subtest: "그래프 모드에서 근거 보기 →" 클릭 시 onOpenGraph가 불린다(사이드바 모드 네비 재사용)
ok 74 - "그래프 모드에서 근거 보기 →" 클릭 시 onOpenGraph가 불린다(사이드바 모드 네비 재사용)
  ---
  duration_ms: 0.288
  ...
# Subtest: "지금 읽히는 성향" 스트립은 suggestionsCache(7단계와 같은 원천)의 relation_kind를 합친다 — 지어내지 않는다
ok 75 - "지금 읽히는 성향" 스트립은 suggestionsCache(7단계와 같은 원천)의 relation_kind를 합친다 — 지어내지 않는다
  ---
  duration_ms: 0.4717
  ...
# Subtest: 스트립 우측 메타: 가장 최근 observed_at으로 신선도를 낸다(분 단위)
ok 76 - 스트립 우측 메타: 가장 최근 observed_at으로 신선도를 낸다(분 단위)
  ---
  duration_ms: 0.505
  ...
# Subtest: 스트립 우측 메타: observed_at이 없으면 신선도를 지어내지 않고 신호 수만 남긴다(P3)
ok 77 - 스트립 우측 메타: observed_at이 없으면 신선도를 지어내지 않고 신호 수만 남긴다(P3)
  ---
  duration_ms: 0.3485
  ...
# Subtest: 신호가 없으면 스트립이 정직하게 "아직 읽히는 성향이 없습니다"를 보여준다(P3)
ok 78 - 신호가 없으면 스트립이 정직하게 "아직 읽히는 성향이 없습니다"를 보여준다(P3)
  ---
  duration_ms: 0.2983
  ...
# Subtest: 제안 카드: 칩 "루틴으로"/"보류"가 있고, "루틴으로"는 7단계와 같은 문장을 채팅에 심는다
ok 79 - 제안 카드: 칩 "루틴으로"/"보류"가 있고, "루틴으로"는 7단계와 같은 문장을 채팅에 심는다
  ---
  duration_ms: 0.4261
  ...
# Subtest: "보류" 클릭 시 그 카드는 이번 세션에서만 숨는다(저장 안 됨, P3) — 탭 배지도 줄어든다
ok 80 - "보류" 클릭 시 그 카드는 이번 세션에서만 숨는다(저장 안 됨, P3) — 탭 배지도 줄어든다
  ---
  duration_ms: 0.4821
  ...
# Subtest: 모든 제안을 보류하면 "지금은 표시할 제안이 없습니다"가 뜬다
ok 81 - 모든 제안을 보류하면 "지금은 표시할 제안이 없습니다"가 뜬다
  ---
  duration_ms: 0.4192
  ...
# Subtest: 말걸기 가드: 라이브 데이터 도착 전엔 "불러오는 중"으로 정직하게 보인다(F-stage9, P3)
ok 82 - 말걸기 가드: 라이브 데이터 도착 전엔 "불러오는 중"으로 정직하게 보인다(F-stage9, P3)
  ---
  duration_ms: 0.2497
  ...
# Subtest: 말걸기 가드: GET /api/v1/nudge-guard 라이브 값으로 태그 4개 + 안내 문구를 채운다(F-stage9, 8단계 백엔드 연결)
ok 83 - 말걸기 가드: GET /api/v1/nudge-guard 라이브 값으로 태그 4개 + 안내 문구를 채운다(F-stage9, 8단계 백엔드 연결)
  ---
  duration_ms: 0.4491
  ...
# Subtest: 말걸기 가드: 값이 꺼져 있으면 "끔" 문구로 정확히 반영한다(지어내지 않는다)
ok 84 - 말걸기 가드: 값이 꺼져 있으면 "끔" 문구로 정확히 반영한다(지어내지 않는다)
  ---
  duration_ms: 0.4845
  ...
# Subtest: 말걸기 가드: fetchNudgeGuard가 실패해도 지어낸 값으로 채우지 않는다(P3)
ok 85 - 말걸기 가드: fetchNudgeGuard가 실패해도 지어낸 값으로 채우지 않는다(P3)
  ---
  duration_ms: 0.5058
  ...
# Subtest: 이중 제어 규칙: 작업 뷰 하단 캡션은 「이중 제어 규칙」이다
ok 86 - 이중 제어 규칙: 작업 뷰 하단 캡션은 「이중 제어 규칙」이다
  ---
  duration_ms: 0.2746
  ...
# Subtest: 이중 제어 규칙: 3줄이 Paper C6V-0~C6X-0 원문 그대로다
ok 87 - 이중 제어 규칙: 3줄이 Paper C6V-0~C6X-0 원문 그대로다
  ---
  duration_ms: 0.2993
  ...
# Subtest: 이중 제어 규칙: 문구가 GUI 입구를 부정하지 않는다
ok 88 - 이중 제어 규칙: 문구가 GUI 입구를 부정하지 않는다
  ---
  duration_ms: 0.2767
  ...
# Subtest: 이중 제어 규칙: 화면 자신의 계약이라 data-source 표기를 달지 않는다
ok 89 - 이중 제어 규칙: 화면 자신의 계약이라 data-source 표기를 달지 않는다
  ---
  duration_ms: 1.0563
  ...
# Subtest: 이중 제어 규칙: 알람·라이브·제안 뷰로 가면 작업 뷰와 함께 숨는다
ok 90 - 이중 제어 규칙: 알람·라이브·제안 뷰로 가면 작업 뷰와 함께 숨는다
  ---
  duration_ms: 0.322
  ...
# Subtest: 실행 목록: 오늘·어제·그 이전을 날짜 그룹 머리로 끊는다(Paper 보드 03)
ok 91 - 실행 목록: 오늘·어제·그 이전을 날짜 그룹 머리로 끊는다(Paper 보드 03)
  ---
  duration_ms: 2.9552
  ...
# Subtest: 실행 목록: 같은 날 실행 2건은 그룹 머리를 한 번만 만든다
ok 92 - 실행 목록: 같은 날 실행 2건은 그룹 머리를 한 번만 만든다
  ---
  duration_ms: 1.141
  ...
# Subtest: 실행 목록: 행 시각은 날짜 없이 HH:MM만 남는다(날짜는 그룹 머리 몫)
ok 93 - 실행 목록: 행 시각은 날짜 없이 HH:MM만 남는다(날짜는 그룹 머리 몫)
  ---
  duration_ms: 17.0773
  ...
# Subtest: 실행 목록: 6건까지만 펼쳐 두고 나머지는 "지난 실행 N건 더" 뒤에 둔다
ok 94 - 실행 목록: 6건까지만 펼쳐 두고 나머지는 "지난 실행 N건 더" 뒤에 둔다
  ---
  duration_ms: 15.6337
  ...
# Subtest: 실행 목록: 6건 이하면 더보기 푸터를 만들지 않는다
ok 95 - 실행 목록: 6건 이하면 더보기 푸터를 만들지 않는다
  ---
  duration_ms: 0.9332
  ...
# Subtest: 알람 피드: 6건까지만 보이고 나머지는 "지난 알람 N건 더" 뒤에 둔다
ok 96 - 알람 피드: 6건까지만 보이고 나머지는 "지난 알람 N건 더" 뒤에 둔다
  ---
  duration_ms: 0.6177
  ...
# Subtest: 알람 피드: 접혀 있어도 탭 배지는 전체 미확인 수를 센다(가려진 건도 미확인이다)
ok 97 - 알람 피드: 접혀 있어도 탭 배지는 전체 미확인 수를 센다(가려진 건도 미확인이다)
  ---
  duration_ms: 0.317
  ...
# Subtest: 타임라인: 각 행이 시각 열을 갖는다
ok 98 - 타임라인: 각 행이 시각 열을 갖는다
  ---
  duration_ms: 0.2572
  ...
# Subtest: 타임라인: 점 색이 갈래별로 갈린다(예약·프로액티브·감시)
ok 99 - 타임라인: 점 색이 갈래별로 갈린다(예약·프로액티브·감시)
  ---
  duration_ms: 0.2622
  ...
# Subtest: 알람 아이콘: 예약(scheduled) 발화는 ● 초록, 조건 감시 발화는 ◆ 핑크
ok 100 - 알람 아이콘: 예약(scheduled) 발화는 ● 초록, 조건 감시 발화는 ◆ 핑크
  ---
  duration_ms: 0.3706
  ...
# Subtest: 알람 아이콘: mode가 없는(하이드레이션 이전) 방은 조건 감시 쪽 ◆로 떨어진다
ok 101 - 알람 아이콘: mode가 없는(하이드레이션 이전) 방은 조건 감시 쪽 ◆로 떨어진다
  ---
  duration_ms: 0.2804
  ...
# Subtest: 드릴인 세그먼트: 작업 뷰에서는 숨고, 드릴인을 열면 [이력][설정]이 나온다
ok 102 - 드릴인 세그먼트: 작업 뷰에서는 숨고, 드릴인을 열면 [이력][설정]이 나온다
  ---
  duration_ms: 3.1528
  ...
# Subtest: 드릴인 세그먼트: "설정"을 누르면 이력 본문이 숨고 「설정 — 요약」이 나온다
ok 103 - 드릴인 세그먼트: "설정"을 누르면 이력 본문이 숨고 「설정 — 요약」이 나온다
  ---
  duration_ms: 10.1185
  ...
# Subtest: 드릴인 설정: 요약만 있는 동안에는 값을 바꾸는 입력이 하나도 없다
ok 104 - 드릴인 설정: 요약만 있는 동안에는 값을 바꾸는 입력이 하나도 없다
  ---
  duration_ms: 15.2747
  ...
# Subtest: 드릴인 설정: [설정 편집]이 상세를 1회 불러 실시간 소스 폼(8필드)을 세운다
ok 105 - 드릴인 설정: [설정 편집]이 상세를 1회 불러 실시간 소스 폼(8필드)을 세운다
  ---
  duration_ms: 16.6932
  ...
# Subtest: 드릴인 설정: 예약 소스 폼에는 연속 틱이 없다(7필드) — 분기는 소스 명세가 낸다
ok 106 - 드릴인 설정: 예약 소스 폼에는 연속 틱이 없다(7필드) — 분기는 소스 명세가 낸다
  ---
  duration_ms: 2.1981
  ...
# Subtest: 드릴인 설정: 코드 감시 폼에는 조건 행 자체가 없다(백엔드가 폼 편집을 막는다)
ok 107 - 드릴인 설정: 코드 감시 폼에는 조건 행 자체가 없다(백엔드가 폼 편집을 막는다)
  ---
  duration_ms: 12.559
  ...
# Subtest: 드릴인 설정: [저장]은 폼 값을 update로 보내고 만료를 비워 두면 안 싣는다
ok 108 - 드릴인 설정: [저장]은 폼 값을 update로 보내고 만료를 비워 두면 안 싣는다
  ---
  duration_ms: 17.1025
  ...
# Subtest: 드릴인 설정: 저장이 실패하면 폼을 닫지 않고 사유를 남기며 친 값도 그대로 둔다
ok 109 - 드릴인 설정: 저장이 실패하면 폼을 닫지 않고 사유를 남기며 친 값도 그대로 둔다
  ---
  duration_ms: 2.8425
  ...
# Subtest: 드릴인 설정: [이력]에 갔다 [설정]으로 돌아와도 폼에 친 값이 남는다
ok 110 - 드릴인 설정: [이력]에 갔다 [설정]으로 돌아와도 폼에 친 값이 남는다
  ---
  duration_ms: 2.9586
  ...
# Subtest: 드릴인 설정: 폼 버튼 행에 "채팅에서 고치기 ↗"가 남는다 — 두 입구가 같은 게이트
ok 111 - 드릴인 설정: 폼 버튼 행에 "채팅에서 고치기 ↗"가 남는다 — 두 입구가 같은 게이트
  ---
  duration_ms: 9.2611
  ...
# Subtest: 드릴인 설정: 상세를 못 받으면 빈 폼 대신 그 사실을 적는다
ok 112 - 드릴인 설정: 상세를 못 받으면 빈 폼 대신 그 사실을 적는다
  ---
  duration_ms: 2.0533
  ...
# Subtest: settingsUpdateBody: 브리핑 모델을 "앱 기본"으로 되돌리면 null로 나간다
ok 113 - settingsUpdateBody: 브리핑 모델을 "앱 기본"으로 되돌리면 null로 나간다
  ---
  duration_ms: 0.4028
  ...
# Subtest: settingsUpdateBody: 설명을 안 건드리고 조건만 고치면 note를 안 싣는다
ok 114 - settingsUpdateBody: 설명을 안 건드리고 조건만 고치면 note를 안 싣는다
  ---
  duration_ms: 0.2676
  ...
# Subtest: settingsFormModel: 소스 명세가 없으면 폼을 만들지 않는다
ok 115 - settingsFormModel: 소스 명세가 없으면 폼을 만들지 않는다
  ---
  duration_ms: 0.0868
  ...
# Subtest: settingsSummaryLines: 다음 실행은 그 값이 있을 때만 요약에 붙는다
ok 116 - settingsSummaryLines: 다음 실행은 그 값이 있을 때만 요약에 붙는다
  ---
  duration_ms: 0.3256
  ...
# Subtest: 드릴인 세그먼트: 드릴인을 닫으면 세그먼트가 숨고 다음 진입은 "이력"으로 시작한다
ok 117 - 드릴인 세그먼트: 드릴인을 닫으면 세그먼트가 숨고 다음 진입은 "이력"으로 시작한다
  ---
  duration_ms: 27.3606
  ...
# Subtest: 제안 카드: 설명(rationale)과 "근거:" 줄을 따로 낸다
ok 118 - 제안 카드: 설명(rationale)과 "근거:" 줄을 따로 낸다
  ---
  duration_ms: 0.6646
  ...
# Subtest: 제안 카드: rationale이 없으면 설명 줄 자체를 만들지 않는다(빈 줄 금지, P3)
ok 119 - 제안 카드: rationale이 없으면 설명 줄 자체를 만들지 않는다(빈 줄 금지, P3)
  ---
  duration_ms: 0.3426
  ...
# Subtest: 제안 미니 목록(작업 뷰)은 좁은 폭이라 여전히 한 줄로 합친다
ok 120 - 제안 미니 목록(작업 뷰)은 좁은 폭이라 여전히 한 줄로 합친다
  ---
  duration_ms: 0.3949
  ...
# Subtest: A-1 목록 행: code-watch는 「코드 감시 · 장중 N분마다」 — 「주기 확인」으로 안 떨어진다
ok 121 - A-1 목록 행: code-watch는 「코드 감시 · 장중 N분마다」 — 「주기 확인」으로 안 떨어진다
  ---
  duration_ms: 3.603
  ...
# Subtest: A-1 목록 행: 확인 주기를 모르면 1분으로 적는다(보드 12 기본값)
ok 122 - A-1 목록 행: 확인 주기를 모르면 1분으로 적는다(보드 12 기본값)
  ---
  duration_ms: 1.429
  ...
# Subtest: A-2 상세: 노드 카드 수가 함수 수와 같고(4칸) 각 칸에 제목·영어명·들어감·나옴이 있다
ok 123 - A-2 상세: 노드 카드 수가 함수 수와 같고(4칸) 각 칸에 제목·영어명·들어감·나옴이 있다
  ---
  duration_ms: 8.5176
  ...
# Subtest: A-2 상세: 두 칸짜리 감시 함수는 카드도 두 장이다
ok 124 - A-2 상세: 두 칸짜리 감시 함수는 카드도 두 장이다
  ---
  duration_ms: 14.8292
  ...
# Subtest: A-3 상세: 「방금 바뀜」은 바뀐 칸에만 붙는다
ok 125 - A-3 상세: 「방금 바뀜」은 바뀐 칸에만 붙는다
  ---
  duration_ms: 15.0028
  ...
# Subtest: A-3 상세: 칸을 고르면 진한 테두리와 「이상해요」·「물어볼게요」 칩이 붙는다
ok 126 - A-3 상세: 칸을 고르면 진한 테두리와 「이상해요」·「물어볼게요」 칩이 붙는다
  ---
  duration_ms: 16.6513
  ...
# Subtest: A-4 상세: 코드는 접혀 있고 라벨이 「코드 · 참고 · 펼치기」다
ok 127 - A-4 상세: 코드는 접혀 있고 라벨이 「코드 · 참고 · 펼치기」다
  ---
  duration_ms: 2.46
  ...
# Subtest: A-5 상세: 울린 기록·일시중지·취소·고치기·만료가 있고 조건 편집 폼은 없다
ok 128 - A-5 상세: 울린 기록·일시중지·취소·고치기·만료가 있고 조건 편집 폼은 없다
  ---
  duration_ms: 12.4328
  ...
# Subtest: A-5 상세: 안 불린 함수 칸은 「이번엔 안 쓰임」으로 남는다
ok 129 - A-5 상세: 안 불린 함수 칸은 「이번엔 안 쓰임」으로 남는다
  ---
  duration_ms: 15.8208
  ...
# Subtest: A-12 활성: 「고치기 — 말로」는 먼저 멈춤을 묻는다(거절 사유 문구 없음)
ok 130 - A-12 활성: 「고치기 — 말로」는 먼저 멈춤을 묻는다(거절 사유 문구 없음)
  ---
  duration_ms: 1.5099
  ...
# Subtest: A-12 활성: 「그대로 두기」를 고르면 아무것도 안 부르고 확인 줄만 닫는다
ok 131 - A-12 활성: 「그대로 두기」를 고르면 아무것도 안 부르고 확인 줄만 닫는다
  ---
  duration_ms: 14.9972
  ...
# Subtest: A-12 일시중지: 확인 없이 바로 고치기로 넘어간다
ok 132 - A-12 일시중지: 확인 없이 바로 고치기로 넘어간다
  ---
  duration_ms: 3.2482
  ...
# Subtest: 초안: 승인 패널의 「이 알람 승인」은 채팅 칩과 같은 confirmRoutine 게이트를 부른다
ok 133 - 초안: 승인 패널의 「이 알람 승인」은 채팅 칩과 같은 confirmRoutine 게이트를 부른다
  ---
  duration_ms: 11.3653
  ...
# Subtest: 초안: 승인 패널의 「취소」는 cancelRoutine을 부른다 — 상태 제어 행의 취소와 같은 채널
ok 134 - 초안: 승인 패널의 「취소」는 cancelRoutine을 부른다 — 상태 제어 행의 취소와 같은 채널
  ---
  duration_ms: 14.91
  ...
# Subtest: 켜진 알람에는 승인 패널이 없다 — 승인은 초안 한 번뿐이다
ok 135 - 켜진 알람에는 승인 패널이 없다 — 승인은 초안 한 번뿐이다
  ---
  duration_ms: 15.6748
  ...
# Subtest: 446V 데이터 행: draft 코드 감시는 실행기의 일봉·현재가 입력 계약을 표시한다
ok 136 - 446V 데이터 행: draft 코드 감시는 실행기의 일봉·현재가 입력 계약을 표시한다
  ---
  duration_ms: 1.0023
  ...
# Subtest: 446V 데이터 행: active 코드 감시는 실행기의 일봉·현재가 입력 계약을 표시한다
ok 137 - 446V 데이터 행: active 코드 감시는 실행기의 일봉·현재가 입력 계약을 표시한다
  ---
  duration_ms: 0.9976
  ...
# Subtest: 446V 데이터 행: paused 코드 감시는 실행기의 일봉·현재가 입력 계약을 표시한다
ok 138 - 446V 데이터 행: paused 코드 감시는 실행기의 일봉·현재가 입력 계약을 표시한다
  ---
  duration_ms: 0.9132
  ...
# Subtest: 초안: 검사 요약과 「검사」 버튼이 있고 누르면 검사 1회를 돈다
ok 139 - 초안: 검사 요약과 「검사」 버튼이 있고 누르면 검사 1회를 돈다
  ---
  duration_ms: 12.7735
  ...
# Subtest: 446V 첫 검사: 상태 띠와 패널이 실제 기간·쿨다운·발화값을 표시한다
ok 140 - 446V 첫 검사: 상태 띠와 패널이 실제 기간·쿨다운·발화값을 표시한다
  ---
  duration_ms: 15.0132
  ...
# Subtest: 446V 첫 검사: 성공한 0회만 조용한 점 띠를 그리고 없는 쿨다운을 현재 설정으로 메우지 않는다
ok 141 - 446V 첫 검사: 성공한 0회만 조용한 점 띠를 그리고 없는 쿨다운을 현재 설정으로 메우지 않는다
  ---
  duration_ms: 15.763
  ...
# Subtest: 446V 첫 검사 실패: 진단과 경고를 보이고 실패 기본 count=0을 울림 수로 표시하지 않는다
ok 142 - 446V 첫 검사 실패: 진단과 경고를 보이고 실패 기본 count=0을 울림 수로 표시하지 않는다
  ---
  duration_ms: 15.0313
  ...
# Subtest: 446V 첫 검사 전: 없는 결과·노드 수·점 띠를 만들지 않는다
ok 143 - 446V 첫 검사 전: 없는 결과·노드 수·점 띠를 만들지 않는다
  ---
  duration_ms: 15.7082
  ...
# Subtest: 446V 이후 고침: 첫 검사 패널과 상태 띠 대신 기존 순환·다시 검사·영수증을 표시한다
ok 144 - 446V 이후 고침: 첫 검사 패널과 상태 띠 대신 기존 순환·다시 검사·영수증을 표시한다
  ---
  duration_ms: 16.0924
  ...
# Subtest: 채팅 검사 왕복: 응답의 날짜가 실제 30개 점과 울린 날 목록에 도착한다
ok 145 - 채팅 검사 왕복: 응답의 날짜가 실제 30개 점과 울린 날 목록에 도착한다
  ---
  duration_ms: 5.9998
  ...
# Subtest: 채팅 검사 왕복: 상세가 다른 검사면 날짜를 섞지 않는다
ok 146 - 채팅 검사 왕복: 상세가 다른 검사면 날짜를 섞지 않는다
  ---
  duration_ms: 1.4296
  ...
# Subtest: 채팅 검사 왕복: 상세 조회 실패는 실제 검사 결과를 버리거나 날짜로 메우지 않는다
ok 147 - 채팅 검사 왕복: 상세 조회 실패는 실제 검사 결과를 버리거나 날짜로 메우지 않는다
  ---
  duration_ms: 0.813
  ...
# Subtest: 채팅 검사 왕복: dated 응답은 상세를 더 읽지 않는다
ok 148 - 채팅 검사 왕복: dated 응답은 상세를 더 읽지 않는다
  ---
  duration_ms: 0.6901
  ...
# Subtest: 채팅 검사 왕복: failed 응답은 상세를 더 읽지 않는다
ok 149 - 채팅 검사 왕복: failed 응답은 상세를 더 읽지 않는다
  ---
  duration_ms: 0.686
  ...
# Subtest: 채팅 검사 실패: 남아 온 날짜가 있어도 성공 점 띠·울린 목록·승인을 내지 않는다
ok 150 - 채팅 검사 실패: 남아 온 날짜가 있어도 성공 점 띠·울린 목록·승인을 내지 않는다
  ---
  duration_ms: 1.3326
  ...
# Subtest: 채팅 검사 0회: 실제 구간만 조용한 7칸으로 표시하고 목록을 만들지 않는다
ok 151 - 채팅 검사 0회: 실제 구간만 조용한 7칸으로 표시하고 목록을 만들지 않는다
  ---
  duration_ms: 0.8273
  ...
# Subtest: 브라우저 배선: shell의 실제 script 순서로 불러온 모델도 날짜·종가를 전달한다
ok 152 - 브라우저 배선: shell의 실제 script 순서로 불러온 모델도 날짜·종가를 전달한다
  ---
  duration_ms: 3.2439
  ...
# Subtest: checkCardModel(통과): 보드 10 문구 — 배지·제목·노드 줄·오늘 고지
ok 153 - checkCardModel(통과): 보드 10 문구 — 배지·제목·노드 줄·오늘 고지
  ---
  duration_ms: 2.0424
  ...
# Subtest: checkCardModel(통과): 칩 2개 — 승인·고치기 모두 누를 수 있다
ok 154 - checkCardModel(통과): 칩 2개 — 승인·고치기 모두 누를 수 있다
  ---
  duration_ms: 0.2108
  ...
# Subtest: 검사 결과: 센 마지막 날을 끝으로 30칸과 실제 울린 날짜·종가만 전달한다
ok 155 - 검사 결과: 센 마지막 날을 끝으로 30칸과 실제 울린 날짜·종가만 전달한다
  ---
  duration_ms: 1.2686
  ...
# Subtest: 검사 결과: 성공한 0회는 조용한 칸만, 실패는 결과 띠·목록 모두 없음
ok 156 - 검사 결과: 성공한 0회는 조용한 칸만, 실패는 결과 띠·목록 모두 없음
  ---
  duration_ms: 0.2185
  ...
# Subtest: 검사 결과: 날짜 구간이나 종가가 없으면 달력·배수를 추정하지 않는다
ok 157 - 검사 결과: 날짜 구간이나 종가가 없으면 달력·배수를 추정하지 않는다
  ---
  duration_ms: 0.1277
  ...
# Subtest: checkCardModel(실패): 사유를 싣고 승인 칩은 내지 않는다
ok 158 - checkCardModel(실패): 사유를 싣고 승인 칩은 내지 않는다
  ---
  duration_ms: 0.2059
  ...
# Subtest: checkCardModel(실패): reason이 비면 진단 제목으로 대체
ok 159 - checkCardModel(실패): reason이 비면 진단 제목으로 대체
  ---
  duration_ms: 0.1598
  ...
# Subtest: checkCardModel: 0번·last_fire 없음이면 마지막 날짜 칸을 붙이지 않는다
ok 160 - checkCardModel: 0번·last_fire 없음이면 마지막 날짜 칸을 붙이지 않는다
  ---
  duration_ms: 0.1367
  ...
# Subtest: checkCardModel: lookback_days 없으면 30일, last_fire 없으면 fires 마지막을 쓴다
ok 161 - checkCardModel: lookback_days 없으면 30일, last_fire 없으면 fires 마지막을 쓴다
  ---
  duration_ms: 0.2763
  ...
# Subtest: shortDate: 2026-08-26 → 8/26, 파싱 실패는 원문
ok 162 - shortDate: 2026-08-26 → 8/26, 파싱 실패는 원문
  ---
  duration_ms: 0.3319
  ...
# Subtest: nodeSummary: 한국어 제목이 없으면 영어 함수명으로 대체
ok 163 - nodeSummary: 한국어 제목이 없으면 영어 함수명으로 대체
  ---
  duration_ms: 0.1403
  ...
# Subtest: A-9 문자열 린트: 서술형 종결·내부 용어 없음
ok 164 - A-9 문자열 린트: 서술형 종결·내부 용어 없음
  ---
  duration_ms: 0.3628
  ...
# Subtest: 고친 적 없으면 모델이 없다
ok 165 - 고친 적 없으면 모델이 없다
  ---
  duration_ms: 1.573
  ...
# Subtest: 재검사 머리는 센 구간과 걸린 시간을 말한다
ok 166 - 재검사 머리는 센 구간과 걸린 시간을 말한다
  ---
  duration_ms: 0.8958
  ...
# Subtest: 센 값이 없으면 그 줄을 지어내지 않는다
ok 167 - 센 값이 없으면 그 줄을 지어내지 않는다
  ---
  duration_ms: 0.8544
  ...
# Subtest: 점 띠는 센 구간만큼이고 마지막 칸이 마지막으로 센 날이다
ok 168 - 점 띠는 센 구간만큼이고 마지막 칸이 마지막으로 센 날이다
  ---
  duration_ms: 1.105
  ...
# Subtest: 띠는 검사 시각이 아니라 센 마지막 날로 창을 잡는다
ok 169 - 띠는 검사 시각이 아니라 센 마지막 날로 창을 잡는다
  ---
  duration_ms: 0.359
  ...
# Subtest: 고치기 전에만 울린 날이 회색이고 지금도 울리는 날은 표시다
ok 170 - 고치기 전에만 울린 날이 회색이고 지금도 울리는 날은 표시다
  ---
  duration_ms: 0.3602
  ...
# Subtest: 회색 칸 수는 세어 본 값이다
ok 171 - 회색 칸 수는 세어 본 값이다
  ---
  duration_ms: 0.4172
  ...
# Subtest: 영수증은 바뀐 칸을 번호로 세고 마지막에 판정을 붙인다
ok 172 - 영수증은 바뀐 칸을 번호로 세고 마지막에 판정을 붙인다
  ---
  duration_ms: 0.4295
  ...
# Subtest: 다시 검사가 안 통과하면 판정 줄도 센 값도 없다
ok 173 - 다시 검사가 안 통과하면 판정 줄도 센 값도 없다
  ---
  duration_ms: 0.4233
  ...
# Subtest: 바뀐 칸이 없으면 판정 줄도 없다
ok 174 - 바뀐 칸이 없으면 판정 줄도 없다
  ---
  duration_ms: 0.3973
  ...
# Subtest: 지난 고침이 없으면 그 문이 안 선다
ok 175 - 지난 고침이 없으면 그 문이 안 선다
  ---
  duration_ms: 0.3981
  ...
# Subtest: 되돌릴 수 없다고 온 봉투는 문을 안 연다
ok 176 - 되돌릴 수 없다고 온 봉투는 문을 안 연다
  ---
  duration_ms: 0.1712
  ...
# Subtest: 순환 띠 문구는 봉투와 무관하게 늘 같다
ok 177 - 순환 띠 문구는 봉투와 무관하게 늘 같다
  ---
  duration_ms: 0.1442
  ...
# Subtest: 걸린 시간이 0.5초 미만이면 초를 말하지 않는다
ok 178 - 걸린 시간이 0.5초 미만이면 초를 말하지 않는다
  ---
  duration_ms: 0.0979
  ...
# Subtest: 지난 고침 목록은 시각과 그때 센 울림만 말한다
ok 179 - 지난 고침 목록은 시각과 그때 센 울림만 말한다
  ---
  duration_ms: 0.2315
  ...
# Subtest: formatValue: 큰 수는 자릿수를 끊고, 참/거짓은 한국어, 없는 값은 「—」다
ok 180 - formatValue: 큰 수는 자릿수를 끊고, 참/거짓은 한국어, 없는 값은 「—」다
  ---
  duration_ms: 0.9397
  ...
# Subtest: watchSubLabel: 확인 주기를 모르면 1분으로 적는다(chat.js와 같은 규칙)
ok 181 - watchSubLabel: 확인 주기를 모르면 1분으로 적는다(chat.js와 같은 규칙)
  ---
  duration_ms: 0.2917
  ...
# Subtest: versionLabel: 해시가 없으면 지어낸 버전 번호를 붙이지 않는다
ok 182 - versionLabel: 해시가 없으면 지어낸 버전 번호를 붙이지 않는다
  ---
  duration_ms: 0.2262
  ...
# Subtest: nodeCards: 한국어 제목이 없으면 영어 함수명으로 대체한다(B-11의 앱 쪽 짝)
ok 183 - nodeCards: 한국어 제목이 없으면 영어 함수명으로 대체한다(B-11의 앱 쪽 짝)
  ---
  duration_ms: 1.1525
  ...
# Subtest: checkSummary: 검사를 안 돌렸으면 0번이라고 단정하지 않는다
ok 184 - checkSummary: 검사를 안 돌렸으면 0번이라고 단정하지 않는다
  ---
  duration_ms: 0.4786
  ...
# Subtest: dayLabel·clockLabel: 못 읽는 값은 지어내지 않고 빈 문자열로 남긴다
ok 185 - dayLabel·clockLabel: 못 읽는 값은 지어내지 않고 빈 문자열로 남긴다
  ---
  duration_ms: 1.7229
  ...
# Subtest: cooldownLabel: 나누어떨어지는 가장 큰 한국어 단위로 적는다(보드 12 「쿨다운 1일」)
ok 186 - cooldownLabel: 나누어떨어지는 가장 큰 한국어 단위로 적는다(보드 12 「쿨다운 1일」)
  ---
  duration_ms: 0.4364
  ...
# Subtest: 검사 카드와 도는 중 카드가 같은 진행 패널을 쓴다 — 문법이 둘로 갈리지 않는다
ok 187 - 검사 카드와 도는 중 카드가 같은 진행 패널을 쓴다 — 문법이 둘로 갈리지 않는다
  ---
  duration_ms: 1.2772
  ...
# Subtest: 격리 실행 고지 문구는 순수 모델에만 산다 — chat.js가 따로 적지 않는다
ok 188 - 격리 실행 고지 문구는 순수 모델에만 산다 — chat.js가 따로 적지 않는다
  ---
  duration_ms: 0.2792
  ...
# Subtest: shell.html이 진행 패널 모델을 싣는다
ok 189 - shell.html이 진행 패널 모델을 싣는다
  ---
  duration_ms: 0.1725
  ...
# Subtest: 진행 5줄의 마크는 ✓ ◐ ○ 세 종류뿐이다
ok 190 - 진행 5줄의 마크는 ✓ ◐ ○ 세 종류뿐이다
  ---
  duration_ms: 2.0239
  ...
# Subtest: 격리 실행 고지는 상수라 백엔드 응답 없이도 나온다
ok 191 - 격리 실행 고지는 상수라 백엔드 응답 없이도 나온다
  ---
  duration_ms: 0.2468
  ...
# Subtest: 입력 확인 줄은 실값이 없으면 그리지 않는다 — 지어내지 않는다
ok 192 - 입력 확인 줄은 실값이 없으면 그리지 않는다 — 지어내지 않는다
  ---
  duration_ms: 0.3718
  ...
# Subtest: 걸린 시간은 한국어 단위로 적고 없으면 적지 않는다
ok 193 - 걸린 시간은 한국어 단위로 적고 없으면 적지 않는다
  ---
  duration_ms: 0.1581
  ...
# Subtest: 코드가 못 돌면 검사 1/3부터 아직으로 남는다 — 통과한 척하지 않는다
ok 194 - 코드가 못 돌면 검사 1/3부터 아직으로 남는다 — 통과한 척하지 않는다
  ---
  duration_ms: 0.2469
  ...
# Subtest: 실패에 error가 없어도 검사 1/3은 아직이다 — 완성 일봉 없음·통로 막힘
ok 195 - 실패에 error가 없어도 검사 1/3은 아직이다 — 완성 일봉 없음·통로 막힘
  ---
  duration_ms: 0.1836
  ...
1..195
# tests 195
# suites 0
# pass 195
# fail 0
# cancelled 0
# skipped 0
# todo 0
# duration_ms 827.8984
