✔ live-full catalog locks five modes to shell.html nav and canvas ids (1.6444ms)
✔ live-full catalog paper chrome matches controller CHAT_HEAD_COPY and chat.css empty copy (1.7425ms)
✔ live-full catalog settings nav fourth item is 성향・이력 (2.0995ms)
✔ live-full catalog locked clicks cover real orders and kiumi five faces (0.2473ms)
✔ order lock does not treat 과매도 or 과매수 technique copy as a live order (0.3163ms)
✔ verify suite lists live-full and the official verify script with budgets (2.0532ms)
✔ 기본 스위트는 Paper 정적 게이트 3종을 매니페스트부터 순서대로 담는다 (0.1312ms)
✔ paper 스위트도 예산과 실재하는 npm 스크립트를 단언한다 (0.3684ms)
✔ paper 스위트의 electron 항목은 기본 스위트에 못 들어간다 (0.5265ms)
✔ parseOnly는 --only가 없으면 전체 실행을 뜻하는 null을 준다 (2.2285ms)
✔ parseOnly는 --only 뒤 값을 그대로 돌려준다 (0.2227ms)
✔ parseOnly는 --only 뒤 값이 없으면 전체 실행으로 떨어지지 않고 오류를 준다 (0.221ms)
✔ parseOnly는 --only 뒤에 다른 플래그가 오면 값 누락으로 본다 (0.136ms)
✔ parseSuite는 --suite가 없으면 기본 스위트를 뜻한다 (0.2925ms)
✔ parseSuite는 --suite paper를 받는다 (0.0912ms)
✔ parseSuite는 --suite 뒤 값이 없으면 기본 스위트로 떨어지지 않고 오류를 준다 (0.1464ms)
✔ parseSuite는 --suite 뒤에 다른 플래그가 오면 값 누락으로 본다 (0.218ms)
✔ parseSuite는 오타난 스위트 이름을 조용히 기본 스위트로 바꾸지 않는다 (0.4439ms)
✔ runOne은 예산을 넘기면 자식 트리를 통째로 죽이고 timedOut을 알린다 (26.3397ms)
✔ runOne은 예산 초과 뒤 늦게 오는 close로 판정을 뒤집지 않는다 (14.66ms)
✔ runOne은 정상 종료 시 종료 코드로 판정하고 로그 꼬리를 담는다 (0.4348ms)
✔ runOne은 청크 경계에 걸린 한글을 깨뜨리지 않는다 (0.1724ms)
✔ 실행 증거: 완료 전 결과는 running이고 완료 뒤 전체 로그와 출처를 실제 파일에 남긴다 (19.3509ms)
✔ 실행 증거: failure도 이전 단계 결과와 실제 로그를 잃지 않는다 (18.9497ms)
✔ 실행 증거: timeout도 이전 단계 결과와 실제 로그를 잃지 않는다 (49.1345ms)
✔ 실행 증거: throw도 이전 단계 결과와 실제 로그를 잃지 않는다 (17.6095ms)
✔ 실행 증거: error도 이전 단계 결과와 실제 로그를 잃지 않는다 (20.6049ms)
✔ 실행 증거: 연속 실행은 서로 덮어쓰지 않고 공유된 옛 리포트·캡처는 미확인으로 둔다 (26.1416ms)
✔ 실행 증거: 현재 Git commit과 dirty 여부 및 작업 사본 내용 해시를 읽는다 (567.0048ms)
✔ 실행 증거: 시작과 종료의 소스가 다르면 동일 기준이라고 표시하지 않는다 (15.3279ms)
✔ 실행 증거: 로그 파일을 쓸 수 없으면 자식 exit0도 성공 증거가 아니다 (9.1112ms)
ℹ tests 31
ℹ suites 0
ℹ pass 31
ℹ fail 0
ℹ cancelled 0
ℹ skipped 0
ℹ todo 0
ℹ duration_ms 882.4883
