2026-08-20T18:23:57.997Z backend-spawn pid=13852 port=64335
2026-08-20T18:24:00.858Z backend-healthy
2026-08-20T18:24:00.858Z electron-ready
2026-08-20T18:24:00.874Z main-required
2026-08-20T18:24:04.958Z windows-created
2026-08-20T18:24:04.959Z case-start rest-001-facts-1
2026-08-20T18:24:05.305Z case-done rest-001-facts-1 feedback=309
2026-08-20T18:24:05.306Z case-start rest-002-facts-2
2026-08-20T18:24:05.521Z case-done rest-002-facts-2 feedback=184
2026-08-20T18:24:05.522Z case-start rest-003-facts-3
2026-08-20T18:24:05.717Z case-done rest-003-facts-3 feedback=167
2026-08-20T18:24:05.719Z case-start rest-004-facts-4
2026-08-20T18:24:05.941Z case-done rest-004-facts-4 feedback=195
2026-08-20T18:24:05.942Z case-start rest-005-facts-5
2026-08-20T18:24:06.147Z case-done rest-005-facts-5 feedback=175
2026-08-20T18:24:06.148Z case-start rest-006-facts-6
2026-08-20T18:24:06.374Z case-done rest-006-facts-6 feedback=190
2026-08-20T18:24:06.375Z case-start rest-007-facts-7
2026-08-20T18:24:06.600Z case-done rest-007-facts-7 feedback=189
2026-08-20T18:24:06.601Z case-start rest-008-facts-8
2026-08-20T18:24:06.812Z case-done rest-008-facts-8 feedback=189
2026-08-20T18:24:06.813Z case-start rest-009-facts-9
2026-08-20T18:24:08.440Z case-done rest-009-facts-9 feedback=1591
2026-08-20T18:24:08.441Z case-start rest-010-facts-10
2026-08-20T18:24:08.651Z case-done rest-010-facts-10 feedback=189
2026-08-20T18:24:08.652Z case-start rest-011-table-1
2026-08-20T18:24:08.879Z case-done rest-011-table-1 feedback=189
2026-08-20T18:24:08.880Z case-start rest-012-table-2
2026-08-20T18:24:10.640Z case-done rest-012-table-2 feedback=1724
2026-08-20T18:24:10.640Z case-start rest-013-table-3
2026-08-20T18:24:10.854Z case-done rest-013-table-3 feedback=190
2026-08-20T18:24:10.855Z case-start rest-014-table-4
2026-08-20T18:24:12.608Z case-done rest-014-table-4 feedback=1716
2026-08-20T18:24:12.609Z case-start rest-015-table-5
2026-08-20T18:24:12.820Z case-done rest-015-table-5 feedback=174
2026-08-20T18:24:12.820Z case-start rest-016-table-6
2026-08-20T18:24:14.454Z case-done rest-016-table-6 feedback=1599
2026-08-20T18:24:14.455Z case-start rest-017-table-7
2026-08-20T18:24:14.662Z case-done rest-017-table-7 feedback=174
2026-08-20T18:24:14.663Z case-start rest-018-table-8
2026-08-20T18:24:14.904Z case-done rest-018-table-8 feedback=205
2026-08-20T18:24:14.904Z case-start rest-019-table-9
2026-08-20T18:24:16.472Z case-done rest-019-table-9 feedback=1546
2026-08-20T18:24:16.473Z case-start rest-020-table-10
2026-08-20T18:24:16.687Z case-done rest-020-table-10 feedback=190
2026-08-20T18:24:16.687Z case-start rest-021-compound-1
2026-08-20T18:24:16.882Z case-done rest-021-compound-1 feedback=173
2026-08-20T18:24:16.882Z case-start rest-022-compound-2
2026-08-20T18:24:19.302Z case-done rest-022-compound-2 feedback=2383
2026-08-20T18:24:19.303Z case-start rest-023-compound-3
2026-08-20T18:24:19.512Z case-done rest-023-compound-3 feedback=175
2026-08-20T18:24:19.512Z case-start rest-024-compound-4
2026-08-20T18:24:19.738Z case-done rest-024-compound-4 feedback=204
2026-08-20T18:24:19.739Z case-start rest-025-compound-5
2026-08-20T18:24:19.964Z case-done rest-025-compound-5 feedback=189
2026-08-20T18:24:19.965Z case-start rest-026-compound-6
2026-08-20T18:24:20.205Z case-done rest-026-compound-6 feedback=204
2026-08-20T18:24:20.205Z case-start rest-027-compound-7
2026-08-20T18:24:20.431Z case-done rest-027-compound-7 feedback=189
2026-08-20T18:24:20.432Z case-start rest-028-compound-8
2026-08-20T18:24:20.642Z case-done rest-028-compound-8 feedback=173
2026-08-20T18:24:20.642Z case-start rest-029-chart-1
2026-08-20T18:24:21.017Z case-done rest-029-chart-1 feedback=352
2026-08-20T18:24:21.018Z case-start rest-030-chart-2
2026-08-20T18:24:21.236Z case-done rest-030-chart-2 feedback=192
2026-08-20T18:24:21.236Z case-start rest-031-chart-3
2026-08-20T18:24:23.671Z case-done rest-031-chart-3 feedback=201
2026-08-20T18:24:23.672Z case-start rest-032-chart-4
2026-08-20T18:24:23.930Z case-done rest-032-chart-4 feedback=225
2026-08-20T18:24:23.931Z case-start rest-033-chart-5
2026-08-20T18:24:24.153Z case-done rest-033-chart-5 feedback=193
2026-08-20T18:24:24.154Z case-start rest-034-chart-6
2026-08-20T18:24:24.408Z case-done rest-034-chart-6 feedback=223
2026-08-20T18:24:24.409Z case-start rest-035-chart-7
2026-08-20T18:24:24.650Z case-done rest-035-chart-7 feedback=206
2026-08-20T18:24:24.651Z case-start rest-036-chart-8
2026-08-20T18:24:24.892Z case-done rest-036-chart-8 feedback=208
2026-08-20T18:24:24.893Z case-start rest-037-chart-9
2026-08-20T18:24:25.135Z case-done rest-037-chart-9 feedback=208
2026-08-20T18:24:25.136Z case-start rest-038-chart-10
2026-08-20T18:24:25.391Z case-done rest-038-chart-10 feedback=222
2026-08-20T18:24:25.392Z case-start rest-039-chart-11
2026-08-20T18:24:26.920Z case-done rest-039-chart-11 feedback=1494
2026-08-20T18:24:26.920Z case-start rest-040-chart-12
2026-08-20T18:24:27.160Z case-done rest-040-chart-12 feedback=206
2026-08-20T18:24:27.160Z case-start rest-041-fanout-2-1
2026-08-20T18:24:29.751Z case-done rest-041-fanout-2-1 feedback=250
2026-08-20T18:24:29.751Z case-start rest-042-fanout-2-2
2026-08-20T18:24:30.444Z case-done rest-042-fanout-2-2 feedback=256
2026-08-20T18:24:30.444Z case-start rest-043-fanout-2-3
2026-08-20T18:24:31.123Z case-done rest-043-fanout-2-3 feedback=250
2026-08-20T18:24:31.124Z case-start rest-044-fanout-2-4
2026-08-20T18:24:33.285Z case-done rest-044-fanout-2-4 feedback=250
2026-08-20T18:24:33.285Z case-start rest-045-fanout-3-5
2026-08-20T18:24:35.187Z case-done rest-045-fanout-3-5 feedback=235
2026-08-20T18:24:35.188Z case-start rest-046-fanout-3-6
2026-08-20T18:24:37.601Z case-done rest-046-fanout-3-6 feedback=234
2026-08-20T18:24:37.602Z case-start rest-047-fanout-3-7
2026-08-20T18:24:40.747Z case-done rest-047-fanout-3-7 feedback=2310
2026-08-20T18:24:40.748Z case-start rest-048-fanout-3-8
2026-08-20T18:24:41.545Z case-done rest-048-fanout-3-8 feedback=250
2026-08-20T18:24:41.545Z case-start rest-049-fanout-4-9
2026-08-20T18:24:44.288Z case-done rest-049-fanout-4-9 feedback=251
2026-08-20T18:24:44.288Z case-start rest-050-fanout-4-10
2026-08-20T18:24:45.263Z case-done rest-050-fanout-4-10 feedback=254
2026-08-20T18:24:45.264Z case-start rest-051-fanout-4-11
2026-08-20T18:24:48.433Z case-done rest-051-fanout-4-11 feedback=250
2026-08-20T18:24:48.434Z case-start rest-052-fanout-4-12
2026-08-20T18:24:49.389Z case-done rest-052-fanout-4-12 feedback=236
2026-08-20T18:24:49.390Z case-start rest-053-fanout-5-13
2026-08-20T18:24:52.269Z case-done rest-053-fanout-5-13 feedback=266
2026-08-20T18:24:52.270Z case-start rest-054-fanout-5-14
2026-08-20T18:24:58.345Z case-done rest-054-fanout-5-14 feedback=1779
2026-08-20T18:24:58.346Z case-start rest-055-fanout-5-15
2026-08-20T18:25:02.720Z case-done rest-055-fanout-5-15 feedback=1466
2026-08-20T18:25:02.720Z case-start rest-056-fanout-5-16
2026-08-20T18:25:04.213Z case-done rest-056-fanout-5-16 feedback=250
2026-08-20T18:25:04.213Z case-start rest-057-fanout-6-17
2026-08-20T18:25:07.945Z case-done rest-057-fanout-6-17 feedback=234
2026-08-20T18:25:07.946Z case-start rest-058-fanout-6-18
2026-08-20T18:25:12.627Z case-done rest-058-fanout-6-18 feedback=247
2026-08-20T18:25:12.627Z case-start rest-059-fanout-6-19
2026-08-20T18:25:15.594Z case-done rest-059-fanout-6-19 feedback=790
2026-08-20T18:25:15.595Z case-start rest-060-fanout-6-20
2026-08-20T18:25:18.400Z case-done rest-060-fanout-6-20 feedback=235
2026-08-20T18:25:18.400Z case-start rest-061-single-flight-1
2026-08-20T18:25:20.544Z case-done rest-061-single-flight-1 feedback=2063
2026-08-20T18:25:20.545Z case-start rest-062-single-flight-2
2026-08-20T18:25:22.658Z case-done rest-062-single-flight-2 feedback=2035
2026-08-20T18:25:22.658Z case-start rest-063-single-flight-3
2026-08-20T18:25:24.241Z case-done rest-063-single-flight-3 feedback=1507
2026-08-20T18:25:24.242Z case-start rest-064-single-flight-4
2026-08-20T18:25:27.100Z case-done rest-064-single-flight-4 feedback=2615
2026-08-20T18:25:27.101Z case-start rest-065-single-flight-5
2026-08-20T18:25:27.882Z case-done rest-065-single-flight-5 feedback=646
2026-08-20T18:25:27.883Z case-start rest-066-single-flight-6
2026-08-20T18:25:28.633Z case-done rest-066-single-flight-6 feedback=674
2026-08-20T18:25:28.634Z case-start rest-067-single-flight-7
2026-08-20T18:25:30.137Z case-done rest-067-single-flight-7 feedback=1420
2026-08-20T18:25:30.139Z case-start rest-068-single-flight-8
2026-08-20T18:25:32.781Z case-done rest-068-single-flight-8 feedback=2521
2026-08-20T18:25:32.782Z case-start rest-069-pool-cold-1
2026-08-20T18:25:34.191Z case-done rest-069-pool-cold-1 feedback=1378
2026-08-20T18:25:34.192Z case-start rest-070-pool-cold-2
2026-08-20T18:25:36.682Z case-done rest-070-pool-cold-2 feedback=2460
2026-08-20T18:25:36.682Z case-start rest-071-pool-cold-3
2026-08-20T18:25:38.915Z case-done rest-071-pool-cold-3 feedback=2206
2026-08-20T18:25:38.916Z case-start rest-072-pool-cold-4
2026-08-20T18:25:39.932Z case-done rest-072-pool-cold-4 feedback=986
2026-08-20T18:25:39.932Z case-start rest-073-pool-warm-5
2026-08-20T18:25:40.104Z case-done rest-073-pool-warm-5 feedback=143
2026-08-20T18:25:40.104Z case-start rest-074-pool-warm-6
2026-08-20T18:25:40.302Z case-done rest-074-pool-warm-6 feedback=174
2026-08-20T18:25:40.303Z case-start rest-075-pool-warm-7
2026-08-20T18:25:40.484Z case-done rest-075-pool-warm-7 feedback=160
2026-08-20T18:25:40.485Z case-start rest-076-pool-warm-8
2026-08-20T18:25:40.668Z case-done rest-076-pool-warm-8 feedback=162
2026-08-20T18:25:40.669Z case-start rest-077-deadline-900
2026-08-20T18:25:42.839Z case-done rest-077-deadline-900 feedback=2135
2026-08-20T18:25:42.839Z case-start rest-078-admission-timeout-2400
2026-08-20T18:25:44.438Z case-done rest-078-admission-timeout-2400 feedback=1570
2026-08-20T18:25:44.438Z case-start rest-079-deadline-3001
2026-08-20T18:25:46.691Z case-done rest-079-deadline-3001 feedback=2230
2026-08-20T18:25:46.692Z case-start rest-080-slow-enrichment-2
2026-08-20T18:25:52.508Z case-done rest-080-slow-enrichment-2 feedback=2426
2026-08-20T18:25:52.509Z case-start rest-081-slow-enrichment-3
2026-08-20T18:25:55.949Z case-done rest-081-slow-enrichment-3 feedback=249
2026-08-20T18:25:55.949Z case-start rest-082-cold-admission-timeout-2300
2026-08-20T18:25:58.399Z case-done rest-082-cold-admission-timeout-2300 feedback=2428
2026-08-20T18:25:58.400Z case-start rest-083-partial-1
2026-08-20T18:26:00.277Z case-done rest-083-partial-1 feedback=292
2026-08-20T18:26:00.277Z case-start rest-084-partial-2
2026-08-20T18:26:02.721Z case-done rest-084-partial-2 feedback=235
2026-08-20T18:26:02.722Z case-start rest-085-partial-3
2026-08-20T18:26:04.582Z case-done rest-085-partial-3 feedback=248
2026-08-20T18:26:04.583Z case-start rest-086-partial-4
2026-08-20T18:26:06.448Z case-done rest-086-partial-4 feedback=223
2026-08-20T18:26:06.449Z case-start rest-087-partial-5
2026-08-20T18:26:09.150Z case-done rest-087-partial-5 feedback=189
2026-08-20T18:26:09.150Z case-start rest-088-partial-6
2026-08-20T18:26:12.919Z case-done rest-088-partial-6 feedback=1467
2026-08-20T18:26:12.920Z case-start rest-089-partial-7
2026-08-20T18:26:16.969Z case-done rest-089-partial-7 feedback=218
2026-08-20T18:26:16.969Z case-start rest-090-partial-8
2026-08-20T18:26:21.057Z case-done rest-090-partial-8 feedback=173
2026-08-20T18:26:21.058Z case-start rest-091-all-timeout
2026-08-20T18:26:25.285Z case-done rest-091-all-timeout feedback=1406
2026-08-20T18:26:25.285Z case-start rest-092-user-cancel
2026-08-20T18:26:29.021Z case-done rest-092-user-cancel feedback=965
2026-08-20T18:26:29.021Z case-start rest-093-empty-table
2026-08-20T18:26:29.234Z case-done rest-093-empty-table feedback=178
2026-08-20T18:26:29.235Z case-start rest-094-empty-facts
2026-08-20T18:26:30.927Z case-done rest-094-empty-facts feedback=1658
2026-08-20T18:26:30.928Z case-start rest-095-guarded-buy-no-render
2026-08-20T18:26:30.980Z case-done rest-095-guarded-buy-no-render feedback=29
2026-08-20T18:26:30.980Z case-start rest-096-guarded-sell-no-render
2026-08-20T18:26:31.033Z case-done rest-096-guarded-sell-no-render feedback=21
2026-08-20T18:26:31.034Z case-start rest-097-excluded-split-base
2026-08-20T18:26:31.087Z case-done rest-097-excluded-split-base feedback=29
2026-08-20T18:26:31.087Z case-start rest-098-oauth-hidden
2026-08-20T18:26:31.140Z case-done rest-098-oauth-hidden feedback=23
2026-08-20T18:26:31.141Z case-start rest-099-unknown-ref
2026-08-20T18:26:31.194Z case-done rest-099-unknown-ref feedback=30
2026-08-20T18:26:31.195Z case-start rest-100-manifest-type-authority
2026-08-20T18:26:31.248Z case-done rest-100-manifest-type-authority feedback=24
2026-08-20T18:26:31.265Z backend-exit code=null signal=SIGTERM
