2026-08-20T17:34:01.379Z backend-spawn pid=46512 port=63600
2026-08-20T17:34:04.158Z backend-healthy
2026-08-20T17:34:04.159Z electron-ready
2026-08-20T17:34:04.177Z main-required
2026-08-20T17:34:08.364Z windows-created
2026-08-20T17:34:08.365Z case-start rest-001-facts-1
2026-08-20T17:34:09.033Z case-done rest-001-facts-1 feedback=612
2026-08-20T17:34:09.035Z case-start rest-002-facts-2
2026-08-20T17:34:09.394Z case-done rest-002-facts-2 feedback=326
2026-08-20T17:34:09.395Z case-start rest-003-facts-3
2026-08-20T17:34:09.649Z case-done rest-003-facts-3 feedback=219
2026-08-20T17:34:09.660Z case-start rest-004-facts-4
2026-08-20T17:34:12.141Z case-done rest-004-facts-4 feedback=2454
2026-08-20T17:34:12.142Z case-start rest-005-facts-5
2026-08-20T17:34:14.337Z case-done rest-005-facts-5 feedback=2169
2026-08-20T17:34:14.338Z case-start rest-006-facts-6
2026-08-20T17:34:16.398Z case-done rest-006-facts-6 feedback=2036
2026-08-20T17:34:16.399Z case-start rest-007-facts-7
2026-08-20T17:34:18.855Z case-done rest-007-facts-7 feedback=213
2026-08-20T17:34:18.856Z case-start rest-008-facts-8
2026-08-20T17:34:19.144Z case-done rest-008-facts-8 feedback=252
2026-08-20T17:34:19.144Z case-start rest-009-facts-9
2026-08-20T17:34:19.445Z case-done rest-009-facts-9 feedback=265
2026-08-20T17:34:19.445Z case-start rest-010-facts-10
2026-08-20T17:34:22.826Z case-done rest-010-facts-10 feedback=3345
2026-08-20T17:34:22.827Z case-start rest-011-table-1
2026-08-20T17:34:26.673Z case-done rest-011-table-1 feedback=3808
2026-08-20T17:34:26.674Z case-start rest-012-table-2
2026-08-20T17:34:28.849Z case-done rest-012-table-2 feedback=2147
2026-08-20T17:34:28.850Z case-start rest-013-table-3
2026-08-20T17:34:31.197Z case-done rest-013-table-3 feedback=192
2026-08-20T17:34:31.198Z case-start rest-014-table-4
2026-08-20T17:34:34.700Z case-done rest-014-table-4 feedback=3477
2026-08-20T17:34:34.701Z case-start rest-015-table-5
2026-08-20T17:34:34.950Z case-done rest-015-table-5 feedback=221
2026-08-20T17:34:34.951Z case-start rest-016-table-6
2026-08-20T17:34:38.403Z case-done rest-016-table-6 feedback=3418
2026-08-20T17:34:38.404Z case-start rest-017-table-7
2026-08-20T17:34:40.713Z case-done rest-017-table-7 feedback=2279
2026-08-20T17:34:40.713Z case-start rest-018-table-8
2026-08-20T17:34:40.912Z case-done rest-018-table-8 feedback=175
2026-08-20T17:34:40.913Z case-start rest-019-table-9
2026-08-20T17:34:45.286Z case-done rest-019-table-9 feedback=4351
2026-08-20T17:34:45.287Z case-start rest-020-table-10
2026-08-20T17:34:49.021Z case-done rest-020-table-10 feedback=3703
2026-08-20T17:34:49.023Z case-start rest-021-compound-1
2026-08-20T17:34:51.192Z case-done rest-021-compound-1 feedback=2141
2026-08-20T17:34:51.192Z case-start rest-022-compound-2
2026-08-20T17:34:53.511Z case-done rest-022-compound-2 feedback=2289
2026-08-20T17:34:53.511Z case-start rest-023-compound-3
2026-08-20T17:34:56.665Z case-done rest-023-compound-3 feedback=3127
2026-08-20T17:34:56.666Z case-start rest-024-compound-4
2026-08-20T17:34:58.818Z case-done rest-024-compound-4 feedback=2126
2026-08-20T17:34:58.819Z case-start rest-025-compound-5
2026-08-20T17:35:01.671Z case-done rest-025-compound-5 feedback=2827
2026-08-20T17:35:01.672Z case-start rest-026-compound-6
2026-08-20T17:35:05.009Z case-done rest-026-compound-6 feedback=3306
2026-08-20T17:35:05.010Z case-start rest-027-compound-7
2026-08-20T17:35:05.220Z case-done rest-027-compound-7 feedback=183
2026-08-20T17:35:05.221Z case-start rest-028-compound-8
2026-08-20T17:35:07.449Z case-done rest-028-compound-8 feedback=2202
2026-08-20T17:35:07.450Z case-start rest-029-chart-1
2026-08-20T17:35:09.756Z case-done rest-029-chart-1 feedback=2276
2026-08-20T17:35:09.757Z case-start rest-030-chart-2
2026-08-20T17:35:13.047Z case-done rest-030-chart-2 feedback=3261
2026-08-20T17:35:13.047Z case-start rest-031-chart-3
2026-08-20T17:35:13.359Z case-done rest-031-chart-3 feedback=280
2026-08-20T17:35:13.360Z case-start rest-032-chart-4
2026-08-20T17:35:13.619Z case-done rest-032-chart-4 feedback=222
2026-08-20T17:35:13.620Z case-start rest-033-chart-5
2026-08-20T17:35:15.622Z case-done rest-033-chart-5 feedback=1968
2026-08-20T17:35:15.622Z case-start rest-034-chart-6
2026-08-20T17:35:18.665Z case-done rest-034-chart-6 feedback=3015
2026-08-20T17:35:18.666Z case-start rest-035-chart-7
2026-08-20T17:35:21.585Z case-done rest-035-chart-7 feedback=2889
2026-08-20T17:35:21.586Z case-start rest-036-chart-8
2026-08-20T17:35:21.817Z case-done rest-036-chart-8 feedback=208
2026-08-20T17:35:21.817Z case-start rest-037-chart-9
2026-08-20T17:35:25.846Z case-done rest-037-chart-9 feedback=3994
2026-08-20T17:35:25.847Z case-start rest-038-chart-10
2026-08-20T17:35:27.681Z case-done rest-038-chart-10 feedback=1808
2026-08-20T17:35:27.682Z case-start rest-039-chart-11
2026-08-20T17:35:30.207Z case-done rest-039-chart-11 feedback=2499
2026-08-20T17:35:30.208Z case-start rest-040-chart-12
2026-08-20T17:35:30.448Z case-done rest-040-chart-12 feedback=210
2026-08-20T17:35:30.449Z case-start rest-041-fanout-2-1
2026-08-20T17:35:33.981Z case-done rest-041-fanout-2-1 feedback=3501
2026-08-20T17:35:33.982Z case-start rest-042-fanout-2-2
2026-08-20T17:35:36.155Z case-done rest-042-fanout-2-2 feedback=2150
2026-08-20T17:35:36.156Z case-start rest-043-fanout-2-3
2026-08-20T17:35:39.665Z case-done rest-043-fanout-2-3 feedback=3479
2026-08-20T17:35:39.666Z case-start rest-044-fanout-2-4
2026-08-20T17:35:42.472Z case-done rest-044-fanout-2-4 feedback=2785
2026-08-20T17:35:42.473Z case-start rest-045-fanout-3-5
2026-08-20T17:35:46.667Z case-done rest-045-fanout-3-5 feedback=4161
2026-08-20T17:35:46.668Z case-start rest-046-fanout-3-6
2026-08-20T17:35:50.189Z case-done rest-046-fanout-3-6 feedback=3493
2026-08-20T17:35:50.190Z case-start rest-047-fanout-3-7
2026-08-20T17:35:52.468Z case-done rest-047-fanout-3-7 feedback=2254
2026-08-20T17:35:52.469Z case-start rest-048-fanout-3-8
2026-08-20T17:35:54.683Z case-done rest-048-fanout-3-8 feedback=2184
2026-08-20T17:35:54.684Z case-start rest-049-fanout-4-9
2026-08-20T17:36:01.578Z case-done rest-049-fanout-4-9 feedback=4472
2026-08-20T17:36:01.579Z case-start rest-050-fanout-4-10
2026-08-20T17:36:02.261Z case-done rest-050-fanout-4-10 feedback=524
2026-08-20T17:36:02.261Z case-start rest-051-fanout-4-11
2026-08-20T17:36:04.924Z case-done rest-051-fanout-4-11 feedback=2641
2026-08-20T17:36:04.924Z case-start rest-052-fanout-4-12
2026-08-20T17:36:07.723Z case-done rest-052-fanout-4-12 feedback=2773
2026-08-20T17:36:07.723Z case-start rest-053-fanout-5-13
2026-08-20T17:36:11.837Z case-done rest-053-fanout-5-13 feedback=4084
2026-08-20T17:36:11.838Z case-start rest-054-fanout-5-14
2026-08-20T17:36:15.863Z case-done rest-054-fanout-5-14 feedback=3993
2026-08-20T17:36:15.864Z case-start rest-055-fanout-5-15
2026-08-20T17:36:19.011Z case-done rest-055-fanout-5-15 feedback=3113
2026-08-20T17:36:19.011Z case-start rest-056-fanout-5-16
2026-08-20T17:36:21.585Z case-done rest-056-fanout-5-16 feedback=2547
2026-08-20T17:36:21.586Z case-start rest-057-fanout-6-17
2026-08-20T17:36:23.986Z case-done rest-057-fanout-6-17 feedback=2363
2026-08-20T17:36:23.987Z case-start rest-058-fanout-6-18
2026-08-20T17:36:27.124Z case-done rest-058-fanout-6-18 feedback=3112
2026-08-20T17:36:27.125Z case-start rest-059-fanout-6-19
2026-08-20T17:36:29.720Z case-done rest-059-fanout-6-19 feedback=2570
2026-08-20T17:36:29.721Z case-start rest-060-fanout-6-20
2026-08-20T17:36:31.926Z case-done rest-060-fanout-6-20 feedback=2180
2026-08-20T17:36:31.927Z case-start rest-061-single-flight-1
2026-08-20T17:36:35.439Z case-done rest-061-single-flight-1 feedback=2021
2026-08-20T17:36:35.440Z case-start rest-062-single-flight-2
2026-08-20T17:36:38.073Z case-done rest-062-single-flight-2 feedback=2605
2026-08-20T17:36:38.073Z case-start rest-063-single-flight-3
2026-08-20T17:36:42.162Z case-done rest-063-single-flight-3 feedback=4055
2026-08-20T17:36:42.163Z case-start rest-064-single-flight-4
2026-08-20T17:36:43.113Z case-done rest-064-single-flight-4 feedback=778
2026-08-20T17:36:43.114Z case-start rest-065-single-flight-5
2026-08-20T17:36:45.371Z case-done rest-065-single-flight-5 feedback=2227
2026-08-20T17:36:45.372Z case-start rest-066-single-flight-6
2026-08-20T17:36:46.131Z case-done rest-066-single-flight-6 feedback=677
2026-08-20T17:36:46.132Z case-start rest-067-single-flight-7
2026-08-20T17:36:49.835Z case-done rest-067-single-flight-7 feedback=3676
2026-08-20T17:36:49.836Z case-start rest-068-single-flight-8
2026-08-20T17:36:52.557Z case-done rest-068-single-flight-8 feedback=2587
2026-08-20T17:36:52.558Z case-start rest-069-pool-cold-1
2026-08-20T17:36:53.904Z case-done rest-069-pool-cold-1 feedback=1318
2026-08-20T17:36:53.905Z case-start rest-070-pool-cold-2
2026-08-20T17:36:56.329Z case-done rest-070-pool-cold-2 feedback=2392
2026-08-20T17:36:56.330Z case-start rest-071-pool-cold-3
2026-08-20T17:37:00.279Z case-done rest-071-pool-cold-3 feedback=3918
2026-08-20T17:37:00.280Z case-start rest-072-pool-cold-4
2026-08-20T17:37:01.908Z case-done rest-072-pool-cold-4 feedback=1593
2026-08-20T17:37:01.909Z case-start rest-073-pool-warm-5
2026-08-20T17:37:02.265Z case-done rest-073-pool-warm-5 feedback=326
2026-08-20T17:37:02.266Z case-start rest-074-pool-warm-6
2026-08-20T17:37:06.379Z case-done rest-074-pool-warm-6 feedback=4093
2026-08-20T17:37:06.380Z case-start rest-075-pool-warm-7
2026-08-20T17:37:06.580Z case-done rest-075-pool-warm-7 feedback=173
2026-08-20T17:37:06.580Z case-start rest-076-pool-warm-8
2026-08-20T17:37:06.796Z case-done rest-076-pool-warm-8 feedback=192
2026-08-20T17:37:06.797Z case-start rest-077-deadline-2900
2026-08-20T17:37:10.258Z case-done rest-077-deadline-2900 feedback=3427
2026-08-20T17:37:10.259Z case-start rest-078-deadline-2400
2026-08-20T17:37:14.293Z case-done rest-078-deadline-2400 feedback=3999
2026-08-20T17:37:14.294Z case-start rest-079-deadline-3001
2026-08-20T17:37:18.302Z case-done rest-079-deadline-3001 feedback=3979
2026-08-20T17:37:18.302Z case-start rest-080-slow-enrichment-2
2026-08-20T17:37:19.808Z case-done rest-080-slow-enrichment-2 feedback=1461
2026-08-20T17:37:19.808Z case-start rest-081-slow-enrichment-3
2026-08-20T17:37:22.341Z case-done rest-081-slow-enrichment-3 feedback=2501
2026-08-20T17:37:22.342Z case-start rest-082-cold-handshake-2800
2026-08-20T17:37:26.365Z case-done rest-082-cold-handshake-2800 feedback=3997
2026-08-20T17:37:26.366Z case-start rest-083-partial-1
2026-08-20T17:37:27.094Z case-done rest-083-partial-1 feedback=678
2026-08-20T17:37:27.094Z case-start rest-084-partial-2
2026-08-20T17:37:30.429Z case-done rest-084-partial-2 feedback=3301
2026-08-20T17:37:30.430Z case-start rest-085-partial-3
2026-08-20T17:37:34.060Z case-done rest-085-partial-3 feedback=3597
2026-08-20T17:37:34.061Z case-start rest-086-partial-4
2026-08-20T17:37:36.242Z case-done rest-086-partial-4 feedback=2151
2026-08-20T17:37:36.243Z case-start rest-087-partial-5
2026-08-20T17:37:39.637Z case-done rest-087-partial-5 feedback=3358
2026-08-20T17:37:39.638Z case-start rest-088-partial-6
2026-08-20T17:37:43.181Z case-done rest-088-partial-6 feedback=3515
2026-08-20T17:37:43.181Z case-start rest-089-partial-7
2026-08-20T17:37:47.271Z case-done rest-089-partial-7 feedback=4066
2026-08-20T17:37:47.272Z case-start rest-090-partial-8
2026-08-20T17:37:51.457Z case-done rest-090-partial-8 feedback=4162
2026-08-20T17:37:51.458Z case-start rest-091-all-timeout
2026-08-20T17:37:55.544Z case-done rest-091-all-timeout feedback=4053
2026-08-20T17:37:55.544Z case-start rest-092-user-cancel
2026-08-20T17:37:56.540Z case-done rest-092-user-cancel feedback=952
2026-08-20T17:37:56.540Z case-start rest-093-empty-table
2026-08-20T17:37:56.764Z case-done rest-093-empty-table feedback=190
2026-08-20T17:37:56.765Z case-start rest-094-empty-facts
2026-08-20T17:37:56.990Z case-done rest-094-empty-facts feedback=204
2026-08-20T17:37:56.991Z case-start rest-095-guarded-buy-no-render
2026-08-20T17:37:59.409Z case-done rest-095-guarded-buy-no-render feedback=2396
2026-08-20T17:37:59.410Z case-start rest-096-guarded-sell-no-render
2026-08-20T17:38:01.554Z case-done rest-096-guarded-sell-no-render feedback=2113
2026-08-20T17:38:01.554Z case-start rest-097-excluded-split-base
2026-08-20T17:38:05.572Z case-done rest-097-excluded-split-base feedback=2124
2026-08-20T17:38:05.573Z case-start rest-098-oauth-hidden
2026-08-20T17:38:11.304Z case-done rest-098-oauth-hidden feedback=3659
2026-08-20T17:38:11.305Z case-start rest-099-unknown-ref
2026-08-20T17:38:13.440Z case-done rest-099-unknown-ref feedback=2112
2026-08-20T17:38:13.441Z case-start rest-100-manifest-type-authority
2026-08-20T17:38:15.574Z case-done rest-100-manifest-type-authority feedback=2107
2026-08-20T17:38:15.586Z backend-exit code=null signal=SIGTERM
