2026-08-20T20:23:04.487Z backend-spawn pid=1408 port=52990
2026-08-20T20:23:07.711Z backend-healthy
2026-08-20T20:23:07.712Z electron-ready
2026-08-20T20:23:07.743Z main-required
2026-08-20T20:23:11.802Z windows-created
2026-08-20T20:23:11.803Z case-start rest-001-facts-1
2026-08-20T20:23:12.305Z case-done rest-001-facts-1 feedback=434
2026-08-20T20:23:12.306Z case-start rest-002-facts-2
2026-08-20T20:23:12.516Z case-done rest-002-facts-2 feedback=184
2026-08-20T20:23:12.517Z case-start rest-003-facts-3
2026-08-20T20:23:12.749Z case-done rest-003-facts-3 feedback=205
2026-08-20T20:23:12.749Z case-start rest-004-facts-4
2026-08-20T20:23:12.949Z case-done rest-004-facts-4 feedback=164
2026-08-20T20:23:12.949Z case-start rest-005-facts-5
2026-08-20T20:23:13.172Z case-done rest-005-facts-5 feedback=191
2026-08-20T20:23:13.173Z case-start rest-006-facts-6
2026-08-20T20:23:13.384Z case-done rest-006-facts-6 feedback=191
2026-08-20T20:23:13.385Z case-start rest-007-facts-7
2026-08-20T20:23:13.613Z case-done rest-007-facts-7 feedback=191
2026-08-20T20:23:13.613Z case-start rest-008-facts-8
2026-08-20T20:23:15.331Z case-done rest-008-facts-8 feedback=1696
2026-08-20T20:23:15.331Z case-start rest-009-facts-9
2026-08-20T20:23:15.572Z case-done rest-009-facts-9 feedback=208
2026-08-20T20:23:15.572Z case-start rest-010-facts-10
2026-08-20T20:23:15.796Z case-done rest-010-facts-10 feedback=190
2026-08-20T20:23:15.797Z case-start rest-011-table-1
2026-08-20T20:23:18.178Z case-done rest-011-table-1 feedback=169
2026-08-20T20:23:18.179Z case-start rest-012-table-2
2026-08-20T20:23:18.398Z case-done rest-012-table-2 feedback=190
2026-08-20T20:23:18.398Z case-start rest-013-table-3
2026-08-20T20:23:18.611Z case-done rest-013-table-3 feedback=190
2026-08-20T20:23:18.611Z case-start rest-014-table-4
2026-08-20T20:23:18.841Z case-done rest-014-table-4 feedback=192
2026-08-20T20:23:18.842Z case-start rest-015-table-5
2026-08-20T20:23:19.053Z case-done rest-015-table-5 feedback=176
2026-08-20T20:23:19.054Z case-start rest-016-table-6
2026-08-20T20:23:19.265Z case-done rest-016-table-6 feedback=176
2026-08-20T20:23:19.266Z case-start rest-017-table-7
2026-08-20T20:23:19.494Z case-done rest-017-table-7 feedback=192
2026-08-20T20:23:19.495Z case-start rest-018-table-8
2026-08-20T20:23:19.722Z case-done rest-018-table-8 feedback=191
2026-08-20T20:23:19.723Z case-start rest-019-table-9
2026-08-20T20:23:19.963Z case-done rest-019-table-9 feedback=205
2026-08-20T20:23:19.963Z case-start rest-020-table-10
2026-08-20T20:23:21.141Z case-done rest-020-table-10 feedback=1156
2026-08-20T20:23:21.142Z case-start rest-021-compound-1
2026-08-20T20:23:21.344Z case-done rest-021-compound-1 feedback=168
2026-08-20T20:23:21.344Z case-start rest-022-compound-2
2026-08-20T20:23:21.571Z case-done rest-022-compound-2 feedback=206
2026-08-20T20:23:21.572Z case-start rest-023-compound-3
2026-08-20T20:23:21.783Z case-done rest-023-compound-3 feedback=188
2026-08-20T20:23:21.783Z case-start rest-024-compound-4
2026-08-20T20:23:22.011Z case-done rest-024-compound-4 feedback=205
2026-08-20T20:23:22.012Z case-start rest-025-compound-5
2026-08-20T20:23:23.528Z case-done rest-025-compound-5 feedback=159
2026-08-20T20:23:23.528Z case-start rest-026-compound-6
2026-08-20T20:23:23.728Z case-done rest-026-compound-6 feedback=176
2026-08-20T20:23:23.728Z case-start rest-027-compound-7
2026-08-20T20:23:23.970Z case-done rest-027-compound-7 feedback=207
2026-08-20T20:23:23.971Z case-start rest-028-compound-8
2026-08-20T20:23:25.624Z case-done rest-028-compound-8 feedback=1618
2026-08-20T20:23:25.625Z case-start rest-029-chart-1
2026-08-20T20:23:28.716Z case-done rest-029-chart-1 feedback=3056
2026-08-20T20:23:28.717Z case-start rest-030-chart-2
2026-08-20T20:23:28.949Z case-done rest-030-chart-2 feedback=209
2026-08-20T20:23:28.949Z case-start rest-031-chart-3
2026-08-20T20:23:29.193Z case-done rest-031-chart-3 feedback=209
2026-08-20T20:23:29.194Z case-start rest-032-chart-4
2026-08-20T20:23:29.436Z case-done rest-032-chart-4 feedback=207
2026-08-20T20:23:29.437Z case-start rest-033-chart-5
2026-08-20T20:23:29.677Z case-done rest-033-chart-5 feedback=209
2026-08-20T20:23:29.678Z case-start rest-034-chart-6
2026-08-20T20:23:29.923Z case-done rest-034-chart-6 feedback=210
2026-08-20T20:23:29.924Z case-start rest-035-chart-7
2026-08-20T20:23:30.166Z case-done rest-035-chart-7 feedback=208
2026-08-20T20:23:30.167Z case-start rest-036-chart-8
2026-08-20T20:23:30.407Z case-done rest-036-chart-8 feedback=207
2026-08-20T20:23:30.408Z case-start rest-037-chart-9
2026-08-20T20:23:30.655Z case-done rest-037-chart-9 feedback=211
2026-08-20T20:23:30.656Z case-start rest-038-chart-10
2026-08-20T20:23:32.944Z case-done rest-038-chart-10 feedback=2255
2026-08-20T20:23:32.944Z case-start rest-039-chart-11
2026-08-20T20:23:33.164Z case-done rest-039-chart-11 feedback=192
2026-08-20T20:23:33.164Z case-start rest-040-chart-12
2026-08-20T20:23:33.396Z case-done rest-040-chart-12 feedback=206
2026-08-20T20:23:33.397Z case-start rest-041-fanout-2-1
2026-08-20T20:23:34.095Z case-done rest-041-fanout-2-1 feedback=267
2026-08-20T20:23:34.096Z case-start rest-042-fanout-2-2
2026-08-20T20:23:34.783Z case-done rest-042-fanout-2-2 feedback=251
2026-08-20T20:23:34.783Z case-start rest-043-fanout-2-3
2026-08-20T20:23:38.659Z case-done rest-043-fanout-2-3 feedback=1554
2026-08-20T20:23:38.660Z case-start rest-044-fanout-2-4
2026-08-20T20:23:40.692Z case-done rest-044-fanout-2-4 feedback=1627
2026-08-20T20:23:40.693Z case-start rest-045-fanout-3-5
2026-08-20T20:23:45.154Z case-done rest-045-fanout-3-5 feedback=1915
2026-08-20T20:23:45.155Z case-start rest-046-fanout-3-6
2026-08-20T20:23:45.954Z case-done rest-046-fanout-3-6 feedback=235
2026-08-20T20:23:45.954Z case-start rest-047-fanout-3-7
2026-08-20T20:23:46.789Z case-done rest-047-fanout-3-7 feedback=267
2026-08-20T20:23:46.789Z case-start rest-048-fanout-3-8
2026-08-20T20:23:50.101Z case-done rest-048-fanout-3-8 feedback=266
2026-08-20T20:23:50.102Z case-start rest-049-fanout-4-9
2026-08-20T20:23:51.074Z case-done rest-049-fanout-4-9 feedback=234
2026-08-20T20:23:51.075Z case-start rest-050-fanout-4-10
2026-08-20T20:23:54.385Z case-done rest-050-fanout-4-10 feedback=2518
2026-08-20T20:23:54.386Z case-start rest-051-fanout-4-11
2026-08-20T20:23:57.811Z case-done rest-051-fanout-4-11 feedback=735
2026-08-20T20:23:57.811Z case-start rest-052-fanout-4-12
2026-08-20T20:23:58.761Z case-done rest-052-fanout-4-12 feedback=236
2026-08-20T20:23:58.761Z case-start rest-053-fanout-5-13
2026-08-20T20:24:02.026Z case-done rest-053-fanout-5-13 feedback=236
2026-08-20T20:24:02.026Z case-start rest-054-fanout-5-14
2026-08-20T20:24:03.517Z case-done rest-054-fanout-5-14 feedback=253
2026-08-20T20:24:03.518Z case-start rest-055-fanout-5-15
2026-08-20T20:24:08.305Z case-done rest-055-fanout-5-15 feedback=249
2026-08-20T20:24:08.306Z case-start rest-056-fanout-5-16
2026-08-20T20:24:09.792Z case-done rest-056-fanout-5-16 feedback=249
2026-08-20T20:24:09.792Z case-start rest-057-fanout-6-17
2026-08-20T20:24:16.523Z case-done rest-057-fanout-6-17 feedback=235
2026-08-20T20:24:16.524Z case-start rest-058-fanout-6-18
2026-08-20T20:24:18.324Z case-done rest-058-fanout-6-18 feedback=253
2026-08-20T20:24:18.325Z case-start rest-059-fanout-6-19
2026-08-20T20:24:22.458Z case-done rest-059-fanout-6-19 feedback=2368
2026-08-20T20:24:22.458Z case-start rest-060-fanout-6-20
2026-08-20T20:24:26.843Z case-done rest-060-fanout-6-20 feedback=1429
2026-08-20T20:24:26.844Z case-start rest-061-single-flight-1
2026-08-20T20:24:27.780Z case-done rest-061-single-flight-1 feedback=858
2026-08-20T20:24:27.781Z case-start rest-062-single-flight-2
2026-08-20T20:24:28.397Z case-done rest-062-single-flight-2 feedback=540
2026-08-20T20:24:28.397Z case-start rest-063-single-flight-3
2026-08-20T20:24:30.198Z case-done rest-063-single-flight-3 feedback=1718
2026-08-20T20:24:30.198Z case-start rest-064-single-flight-4
2026-08-20T20:24:32.153Z case-done rest-064-single-flight-4 feedback=1787
2026-08-20T20:24:32.154Z case-start rest-065-single-flight-5
2026-08-20T20:24:34.328Z case-done rest-065-single-flight-5 feedback=2034
2026-08-20T20:24:34.329Z case-start rest-066-single-flight-6
2026-08-20T20:24:36.550Z case-done rest-066-single-flight-6 feedback=2133
2026-08-20T20:24:36.550Z case-start rest-067-single-flight-7
2026-08-20T20:24:39.081Z case-done rest-067-single-flight-7 feedback=2454
2026-08-20T20:24:39.082Z case-start rest-068-single-flight-8
2026-08-20T20:24:39.998Z case-done rest-068-single-flight-8 feedback=815
2026-08-20T20:24:39.998Z case-start rest-069-pool-cold-1
2026-08-20T20:24:40.950Z case-done rest-069-pool-cold-1 feedback=915
2026-08-20T20:24:40.950Z case-start rest-070-pool-cold-2
2026-08-20T20:24:42.257Z case-done rest-070-pool-cold-2 feedback=1285
2026-08-20T20:24:42.258Z case-start rest-071-pool-cold-3
2026-08-20T20:24:45.186Z case-done rest-071-pool-cold-3 feedback=2897
2026-08-20T20:24:45.186Z case-start rest-072-pool-cold-4
2026-08-20T20:24:46.137Z case-done rest-072-pool-cold-4 feedback=920
2026-08-20T20:24:46.138Z case-start rest-073-pool-warm-5
2026-08-20T20:24:46.319Z case-done rest-073-pool-warm-5 feedback=159
2026-08-20T20:24:46.320Z case-start rest-074-pool-warm-6
2026-08-20T20:24:46.515Z case-done rest-074-pool-warm-6 feedback=159
2026-08-20T20:24:46.515Z case-start rest-075-pool-warm-7
2026-08-20T20:24:46.711Z case-done rest-075-pool-warm-7 feedback=159
2026-08-20T20:24:46.712Z case-start rest-076-pool-warm-8
2026-08-20T20:24:46.925Z case-done rest-076-pool-warm-8 feedback=177
2026-08-20T20:24:46.926Z case-start rest-077-deadline-900
2026-08-20T20:24:48.680Z case-done rest-077-deadline-900 feedback=1723
2026-08-20T20:24:48.681Z case-start rest-078-admission-timeout-2400
2026-08-20T20:24:50.884Z case-done rest-078-admission-timeout-2400 feedback=2178
2026-08-20T20:24:50.885Z case-start rest-079-deadline-3001
2026-08-20T20:24:52.740Z case-done rest-079-deadline-3001 feedback=1825
2026-08-20T20:24:52.741Z case-start rest-080-slow-enrichment-2
2026-08-20T20:24:57.294Z case-done rest-080-slow-enrichment-2 feedback=326
2026-08-20T20:24:57.294Z case-start rest-081-slow-enrichment-3
2026-08-20T20:25:01.459Z case-done rest-081-slow-enrichment-3 feedback=248
2026-08-20T20:25:01.459Z case-start rest-082-cold-admission-timeout-2300
2026-08-20T20:25:03.048Z case-done rest-082-cold-admission-timeout-2300 feedback=1557
2026-08-20T20:25:03.048Z case-start rest-083-partial-1
2026-08-20T20:25:05.718Z case-done rest-083-partial-1 feedback=296
2026-08-20T20:25:05.719Z case-start rest-084-partial-2
2026-08-20T20:25:06.590Z case-done rest-084-partial-2 feedback=249
2026-08-20T20:25:06.590Z case-start rest-085-partial-3
2026-08-20T20:25:09.848Z case-done rest-085-partial-3 feedback=251
2026-08-20T20:25:09.848Z case-start rest-086-partial-4
2026-08-20T20:25:10.981Z case-done rest-086-partial-4 feedback=235
2026-08-20T20:25:10.982Z case-start rest-087-partial-5
2026-08-20T20:25:11.785Z case-done rest-087-partial-5 feedback=174
2026-08-20T20:25:11.785Z case-start rest-088-partial-6
2026-08-20T20:25:15.460Z case-done rest-088-partial-6 feedback=2236
2026-08-20T20:25:15.460Z case-start rest-089-partial-7
2026-08-20T20:25:19.748Z case-done rest-089-partial-7 feedback=204
2026-08-20T20:25:19.749Z case-start rest-090-partial-8
2026-08-20T20:25:23.744Z case-done rest-090-partial-8 feedback=161
2026-08-20T20:25:23.745Z case-start rest-091-all-timeout
2026-08-20T20:25:27.733Z case-done rest-091-all-timeout feedback=1910
2026-08-20T20:25:27.733Z case-start rest-092-user-cancel
2026-08-20T20:25:30.886Z case-done rest-092-user-cancel feedback=1573
2026-08-20T20:25:30.887Z case-start rest-093-empty-table
2026-08-20T20:25:31.106Z case-done rest-093-empty-table feedback=183
2026-08-20T20:25:31.107Z case-start rest-094-empty-facts
2026-08-20T20:25:31.355Z case-done rest-094-empty-facts feedback=220
2026-08-20T20:25:31.355Z case-start rest-095-guarded-buy-no-render
2026-08-20T20:25:31.408Z case-done rest-095-guarded-buy-no-render feedback=30
2026-08-20T20:25:31.408Z case-start rest-096-guarded-sell-no-render
2026-08-20T20:25:31.460Z case-done rest-096-guarded-sell-no-render feedback=23
2026-08-20T20:25:31.461Z case-start rest-097-excluded-split-base
2026-08-20T20:25:31.513Z case-done rest-097-excluded-split-base feedback=29
2026-08-20T20:25:31.514Z case-start rest-098-oauth-hidden
2026-08-20T20:25:31.566Z case-done rest-098-oauth-hidden feedback=23
2026-08-20T20:25:31.567Z case-start rest-099-unknown-ref
2026-08-20T20:25:31.619Z case-done rest-099-unknown-ref feedback=30
2026-08-20T20:25:31.619Z case-start rest-100-manifest-type-authority
2026-08-20T20:25:31.672Z case-done rest-100-manifest-type-authority feedback=23
2026-08-20T20:25:31.690Z backend-exit code=null signal=SIGTERM
