2026-08-20T18:07:33.378Z backend-spawn pid=39772 port=56957
2026-08-20T18:07:36.164Z backend-healthy
2026-08-20T18:07:36.164Z electron-ready
2026-08-20T18:07:36.180Z main-required
2026-08-20T18:07:40.452Z windows-created
2026-08-20T18:07:40.453Z case-start rest-001-facts-1
2026-08-20T18:07:40.728Z case-done rest-001-facts-1 feedback=248
2026-08-20T18:07:40.729Z case-start rest-002-facts-2
2026-08-20T18:07:40.948Z case-done rest-002-facts-2 feedback=186
2026-08-20T18:07:40.949Z case-start rest-003-facts-3
2026-08-20T18:07:41.162Z case-done rest-003-facts-3 feedback=191
2026-08-20T18:07:41.163Z case-start rest-004-facts-4
2026-08-20T18:07:41.363Z case-done rest-004-facts-4 feedback=165
2026-08-20T18:07:41.363Z case-start rest-005-facts-5
2026-08-20T18:07:41.598Z case-done rest-005-facts-5 feedback=205
2026-08-20T18:07:41.598Z case-start rest-006-facts-6
2026-08-20T18:07:41.793Z case-done rest-006-facts-6 feedback=159
2026-08-20T18:07:41.793Z case-start rest-007-facts-7
2026-08-20T18:07:42.019Z case-done rest-007-facts-7 feedback=205
2026-08-20T18:07:42.020Z case-start rest-008-facts-8
2026-08-20T18:07:42.230Z case-done rest-008-facts-8 feedback=189
2026-08-20T18:07:42.231Z case-start rest-009-facts-9
2026-08-20T18:07:42.457Z case-done rest-009-facts-9 feedback=203
2026-08-20T18:07:42.457Z case-start rest-010-facts-10
2026-08-20T18:07:43.686Z case-done rest-010-facts-10 feedback=182
2026-08-20T18:07:43.686Z case-start rest-011-table-1
2026-08-20T18:07:43.926Z case-done rest-011-table-1 feedback=204
2026-08-20T18:07:43.926Z case-start rest-012-table-2
2026-08-20T18:07:44.154Z case-done rest-012-table-2 feedback=191
2026-08-20T18:07:44.155Z case-start rest-013-table-3
2026-08-20T18:07:44.364Z case-done rest-013-table-3 feedback=174
2026-08-20T18:07:44.365Z case-start rest-014-table-4
2026-08-20T18:07:45.800Z case-done rest-014-table-4 feedback=1413
2026-08-20T18:07:45.801Z case-start rest-015-table-5
2026-08-20T18:07:45.998Z case-done rest-015-table-5 feedback=176
2026-08-20T18:07:45.999Z case-start rest-016-table-6
2026-08-20T18:07:46.240Z case-done rest-016-table-6 feedback=206
2026-08-20T18:07:46.240Z case-start rest-017-table-7
2026-08-20T18:07:46.451Z case-done rest-017-table-7 feedback=174
2026-08-20T18:07:46.452Z case-start rest-018-table-8
2026-08-20T18:07:48.830Z case-done rest-018-table-8 feedback=178
2026-08-20T18:07:48.830Z case-start rest-019-table-9
2026-08-20T18:07:49.046Z case-done rest-019-table-9 feedback=192
2026-08-20T18:07:49.046Z case-start rest-020-table-10
2026-08-20T18:07:49.270Z case-done rest-020-table-10 feedback=203
2026-08-20T18:07:49.271Z case-start rest-021-compound-1
2026-08-20T18:07:49.482Z case-done rest-021-compound-1 feedback=188
2026-08-20T18:07:49.482Z case-start rest-022-compound-2
2026-08-20T18:07:49.709Z case-done rest-022-compound-2 feedback=204
2026-08-20T18:07:49.710Z case-start rest-023-compound-3
2026-08-20T18:07:49.907Z case-done rest-023-compound-3 feedback=176
2026-08-20T18:07:49.908Z case-start rest-024-compound-4
2026-08-20T18:07:50.105Z case-done rest-024-compound-4 feedback=176
2026-08-20T18:07:50.105Z case-start rest-025-compound-5
2026-08-20T18:07:50.317Z case-done rest-025-compound-5 feedback=190
2026-08-20T18:07:50.318Z case-start rest-026-compound-6
2026-08-20T18:07:50.514Z case-done rest-026-compound-6 feedback=173
2026-08-20T18:07:50.515Z case-start rest-027-compound-7
2026-08-20T18:07:51.873Z case-done rest-027-compound-7 feedback=1334
2026-08-20T18:07:51.874Z case-start rest-028-compound-8
2026-08-20T18:07:52.084Z case-done rest-028-compound-8 feedback=177
2026-08-20T18:07:52.084Z case-start rest-029-chart-1
2026-08-20T18:07:52.373Z case-done rest-029-chart-1 feedback=267
2026-08-20T18:07:52.374Z case-start rest-030-chart-2
2026-08-20T18:07:52.619Z case-done rest-030-chart-2 feedback=209
2026-08-20T18:07:52.620Z case-start rest-031-chart-3
2026-08-20T18:07:54.016Z case-done rest-031-chart-3 feedback=1363
2026-08-20T18:07:54.017Z case-start rest-032-chart-4
2026-08-20T18:07:54.248Z case-done rest-032-chart-4 feedback=193
2026-08-20T18:07:54.249Z case-start rest-033-chart-5
2026-08-20T18:07:54.506Z case-done rest-033-chart-5 feedback=223
2026-08-20T18:07:54.506Z case-start rest-034-chart-6
2026-08-20T18:07:55.943Z case-done rest-034-chart-6 feedback=1402
2026-08-20T18:07:55.943Z case-start rest-035-chart-7
2026-08-20T18:07:56.160Z case-done rest-035-chart-7 feedback=193
2026-08-20T18:07:56.161Z case-start rest-036-chart-8
2026-08-20T18:07:56.401Z case-done rest-036-chart-8 feedback=208
2026-08-20T18:07:56.402Z case-start rest-037-chart-9
2026-08-20T18:07:56.642Z case-done rest-037-chart-9 feedback=207
2026-08-20T18:07:56.642Z case-start rest-038-chart-10
2026-08-20T18:07:58.204Z case-done rest-038-chart-10 feedback=1528
2026-08-20T18:07:58.205Z case-start rest-039-chart-11
2026-08-20T18:07:58.440Z case-done rest-039-chart-11 feedback=209
2026-08-20T18:07:58.441Z case-start rest-040-chart-12
2026-08-20T18:07:59.943Z case-done rest-040-chart-12 feedback=1469
2026-08-20T18:07:59.943Z case-start rest-041-fanout-2-1
2026-08-20T18:08:00.604Z case-done rest-041-fanout-2-1 feedback=250
2026-08-20T18:08:00.605Z case-start rest-042-fanout-2-2
2026-08-20T18:08:02.347Z case-done rest-042-fanout-2-2 feedback=1298
2026-08-20T18:08:02.347Z case-start rest-043-fanout-2-3
2026-08-20T18:08:04.138Z case-done rest-043-fanout-2-3 feedback=264
2026-08-20T18:08:04.139Z case-start rest-044-fanout-2-4
2026-08-20T18:08:06.476Z case-done rest-044-fanout-2-4 feedback=231
2026-08-20T18:08:06.477Z case-start rest-045-fanout-3-5
2026-08-20T18:08:10.619Z case-done rest-045-fanout-3-5 feedback=1545
2026-08-20T18:08:10.620Z case-start rest-046-fanout-3-6
2026-08-20T18:08:14.079Z case-done rest-046-fanout-3-6 feedback=1636
2026-08-20T18:08:14.080Z case-start rest-047-fanout-3-7
2026-08-20T18:08:15.822Z case-done rest-047-fanout-3-7 feedback=249
2026-08-20T18:08:15.822Z case-start rest-048-fanout-3-8
2026-08-20T18:08:16.630Z case-done rest-048-fanout-3-8 feedback=252
2026-08-20T18:08:16.631Z case-start rest-049-fanout-4-9
2026-08-20T18:08:18.625Z case-done rest-049-fanout-4-9 feedback=1268
2026-08-20T18:08:18.625Z case-start rest-050-fanout-4-10
2026-08-20T18:08:20.528Z case-done rest-050-fanout-4-10 feedback=1210
2026-08-20T18:08:20.529Z case-start rest-051-fanout-4-11
2026-08-20T18:08:23.692Z case-done rest-051-fanout-4-11 feedback=2346
2026-08-20T18:08:23.693Z case-start rest-052-fanout-4-12
2026-08-20T18:08:24.625Z case-done rest-052-fanout-4-12 feedback=250
2026-08-20T18:08:24.625Z case-start rest-053-fanout-5-13
2026-08-20T18:08:27.991Z case-done rest-053-fanout-5-13 feedback=2363
2026-08-20T18:08:27.992Z case-start rest-054-fanout-5-14
2026-08-20T18:08:30.226Z case-done rest-054-fanout-5-14 feedback=235
2026-08-20T18:08:30.227Z case-start rest-055-fanout-5-15
2026-08-20T18:08:34.364Z case-done rest-055-fanout-5-15 feedback=235
2026-08-20T18:08:34.365Z case-start rest-056-fanout-5-16
2026-08-20T18:08:38.266Z case-done rest-056-fanout-5-16 feedback=248
2026-08-20T18:08:38.266Z case-start rest-057-fanout-6-17
2026-08-20T18:08:42.771Z case-done rest-057-fanout-6-17 feedback=251
2026-08-20T18:08:42.772Z case-start rest-058-fanout-6-18
2026-08-20T18:08:46.222Z case-done rest-058-fanout-6-18 feedback=1432
2026-08-20T18:08:46.222Z case-start rest-059-fanout-6-19
2026-08-20T18:08:51.275Z case-done rest-059-fanout-6-19 feedback=233
2026-08-20T18:08:51.275Z case-start rest-060-fanout-6-20
2026-08-20T18:08:53.029Z case-done rest-060-fanout-6-20 feedback=251
2026-08-20T18:08:53.030Z case-start rest-061-single-flight-1
2026-08-20T18:08:54.524Z case-done rest-061-single-flight-1 feedback=1406
2026-08-20T18:08:54.525Z case-start rest-062-single-flight-2
2026-08-20T18:08:55.132Z case-done rest-062-single-flight-2 feedback=524
2026-08-20T18:08:55.133Z case-start rest-063-single-flight-3
2026-08-20T18:08:56.488Z case-done rest-063-single-flight-3 feedback=1272
2026-08-20T18:08:56.489Z case-start rest-064-single-flight-4
2026-08-20T18:08:58.804Z case-done rest-064-single-flight-4 feedback=2095
2026-08-20T18:08:58.805Z case-start rest-065-single-flight-5
2026-08-20T18:09:01.052Z case-done rest-065-single-flight-5 feedback=2114
2026-08-20T18:09:01.053Z case-start rest-066-single-flight-6
2026-08-20T18:09:02.489Z case-done rest-066-single-flight-6 feedback=1349
2026-08-20T18:09:02.489Z case-start rest-067-single-flight-7
2026-08-20T18:09:04.659Z case-done rest-067-single-flight-7 feedback=2089
2026-08-20T18:09:04.660Z case-start rest-068-single-flight-8
2026-08-20T18:09:07.042Z case-done rest-068-single-flight-8 feedback=2265
2026-08-20T18:09:07.043Z case-start rest-069-pool-cold-1
2026-08-20T18:09:09.236Z case-done rest-069-pool-cold-1 feedback=2165
2026-08-20T18:09:09.236Z case-start rest-070-pool-cold-2
2026-08-20T18:09:10.988Z case-done rest-070-pool-cold-2 feedback=1730
2026-08-20T18:09:10.989Z case-start rest-071-pool-cold-3
2026-08-20T18:09:13.484Z case-done rest-071-pool-cold-3 feedback=2466
2026-08-20T18:09:13.485Z case-start rest-072-pool-cold-4
2026-08-20T18:09:14.447Z case-done rest-072-pool-cold-4 feedback=937
2026-08-20T18:09:14.448Z case-start rest-073-pool-warm-5
2026-08-20T18:09:14.612Z case-done rest-073-pool-warm-5 feedback=142
2026-08-20T18:09:14.613Z case-start rest-074-pool-warm-6
2026-08-20T18:09:14.812Z case-done rest-074-pool-warm-6 feedback=175
2026-08-20T18:09:14.812Z case-start rest-075-pool-warm-7
2026-08-20T18:09:15.008Z case-done rest-075-pool-warm-7 feedback=174
2026-08-20T18:09:15.009Z case-start rest-076-pool-warm-8
2026-08-20T18:09:15.223Z case-done rest-076-pool-warm-8 feedback=191
2026-08-20T18:09:15.223Z case-start rest-077-deadline-2300
2026-08-20T18:09:18.780Z case-done rest-077-deadline-2300 feedback=3521
2026-08-20T18:09:18.780Z case-start rest-078-deadline-2400
2026-08-20T18:09:21.294Z case-done rest-078-deadline-2400 feedback=2490
2026-08-20T18:09:21.295Z case-start rest-079-deadline-3001
2026-08-20T18:09:25.377Z case-done rest-079-deadline-3001 feedback=4051
2026-08-20T18:09:25.378Z case-start rest-080-slow-enrichment-2
2026-08-20T18:09:29.553Z case-done rest-080-slow-enrichment-2 feedback=1564
2026-08-20T18:09:29.553Z case-start rest-081-slow-enrichment-3
2026-08-20T18:09:33.275Z case-done rest-081-slow-enrichment-3 feedback=250
2026-08-20T18:09:33.276Z case-start rest-082-cold-handshake-2300
2026-08-20T18:09:37.413Z case-done rest-082-cold-handshake-2300 feedback=4107
2026-08-20T18:09:37.413Z case-start rest-083-partial-1
2026-08-20T18:09:41.525Z case-done rest-083-partial-1 feedback=1545
2026-08-20T18:09:41.526Z case-start rest-084-partial-2
2026-08-20T18:09:42.394Z case-done rest-084-partial-2 feedback=251
2026-08-20T18:09:42.395Z case-start rest-085-partial-3
2026-08-20T18:09:45.753Z case-done rest-085-partial-3 feedback=239
2026-08-20T18:09:45.754Z case-start rest-086-partial-4
2026-08-20T18:09:46.875Z case-done rest-086-partial-4 feedback=237
2026-08-20T18:09:46.875Z case-start rest-087-partial-5
2026-08-20T18:09:47.646Z case-done rest-087-partial-5 feedback=158
2026-08-20T18:09:47.647Z case-start rest-088-partial-6
2026-08-20T18:09:50.749Z case-done rest-088-partial-6 feedback=2288
2026-08-20T18:09:50.749Z case-start rest-089-partial-7
2026-08-20T18:09:54.157Z case-done rest-089-partial-7 feedback=222
2026-08-20T18:09:54.157Z case-start rest-090-partial-8
2026-08-20T18:09:57.373Z case-done rest-090-partial-8 feedback=176
2026-08-20T18:09:57.373Z case-start rest-091-all-timeout
2026-08-20T18:10:02.057Z case-done rest-091-all-timeout feedback=4652
2026-08-20T18:10:02.058Z case-start rest-092-user-cancel
2026-08-20T18:10:05.348Z case-done rest-092-user-cancel feedback=974
2026-08-20T18:10:05.349Z case-start rest-093-empty-table
2026-08-20T18:10:05.545Z case-done rest-093-empty-table feedback=172
2026-08-20T18:10:05.545Z case-start rest-094-empty-facts
2026-08-20T18:10:05.817Z case-done rest-094-empty-facts feedback=235
2026-08-20T18:10:05.817Z case-start rest-095-guarded-buy-no-render
2026-08-20T18:10:05.886Z case-done rest-095-guarded-buy-no-render feedback=33
2026-08-20T18:10:05.887Z case-start rest-096-guarded-sell-no-render
2026-08-20T18:10:05.940Z case-done rest-096-guarded-sell-no-render feedback=25
2026-08-20T18:10:05.940Z case-start rest-097-excluded-split-base
2026-08-20T18:10:06.012Z case-done rest-097-excluded-split-base feedback=37
2026-08-20T18:10:06.013Z case-start rest-098-oauth-hidden
2026-08-20T18:10:06.066Z case-done rest-098-oauth-hidden feedback=30
2026-08-20T18:10:06.066Z case-start rest-099-unknown-ref
2026-08-20T18:10:06.120Z case-done rest-099-unknown-ref feedback=23
2026-08-20T18:10:06.121Z case-start rest-100-manifest-type-authority
2026-08-20T18:10:06.943Z case-done rest-100-manifest-type-authority feedback=786
2026-08-20T18:10:06.954Z backend-exit code=null signal=SIGTERM
