2026-08-20T18:12:34.799Z backend-spawn pid=51224 port=52896
2026-08-20T18:12:37.590Z backend-healthy
2026-08-20T18:12:37.591Z electron-ready
2026-08-20T18:12:37.608Z main-required
2026-08-20T18:12:41.910Z windows-created
2026-08-20T18:12:41.911Z case-start rest-001-facts-1
2026-08-20T18:12:42.248Z case-done rest-001-facts-1 feedback=292
2026-08-20T18:12:42.249Z case-start rest-002-facts-2
2026-08-20T18:12:42.451Z case-done rest-002-facts-2 feedback=175
2026-08-20T18:12:42.452Z case-start rest-003-facts-3
2026-08-20T18:12:42.684Z case-done rest-003-facts-3 feedback=196
2026-08-20T18:12:42.695Z case-start rest-004-facts-4
2026-08-20T18:12:42.918Z case-done rest-004-facts-4 feedback=189
2026-08-20T18:12:42.919Z case-start rest-005-facts-5
2026-08-20T18:12:43.130Z case-done rest-005-facts-5 feedback=190
2026-08-20T18:12:43.131Z case-start rest-006-facts-6
2026-08-20T18:12:43.327Z case-done rest-006-facts-6 feedback=174
2026-08-20T18:12:43.327Z case-start rest-007-facts-7
2026-08-20T18:12:43.538Z case-done rest-007-facts-7 feedback=188
2026-08-20T18:12:43.539Z case-start rest-008-facts-8
2026-08-20T18:12:43.734Z case-done rest-008-facts-8 feedback=174
2026-08-20T18:12:43.735Z case-start rest-009-facts-9
2026-08-20T18:12:45.270Z case-done rest-009-facts-9 feedback=1512
2026-08-20T18:12:45.270Z case-start rest-010-facts-10
2026-08-20T18:12:45.492Z case-done rest-010-facts-10 feedback=188
2026-08-20T18:12:45.493Z case-start rest-011-table-1
2026-08-20T18:12:45.706Z case-done rest-011-table-1 feedback=191
2026-08-20T18:12:45.707Z case-start rest-012-table-2
2026-08-20T18:12:47.116Z case-done rest-012-table-2 feedback=1374
2026-08-20T18:12:47.117Z case-start rest-013-table-3
2026-08-20T18:12:47.343Z case-done rest-013-table-3 feedback=189
2026-08-20T18:12:47.344Z case-start rest-014-table-4
2026-08-20T18:12:47.553Z case-done rest-014-table-4 feedback=174
2026-08-20T18:12:47.554Z case-start rest-015-table-5
2026-08-20T18:12:47.781Z case-done rest-015-table-5 feedback=191
2026-08-20T18:12:47.782Z case-start rest-016-table-6
2026-08-20T18:12:49.293Z case-done rest-016-table-6 feedback=1476
2026-08-20T18:12:49.294Z case-start rest-017-table-7
2026-08-20T18:12:49.504Z case-done rest-017-table-7 feedback=174
2026-08-20T18:12:49.505Z case-start rest-018-table-8
2026-08-20T18:12:49.733Z case-done rest-018-table-8 feedback=192
2026-08-20T18:12:49.734Z case-start rest-019-table-9
2026-08-20T18:12:51.284Z case-done rest-019-table-9 feedback=1515
2026-08-20T18:12:51.285Z case-start rest-020-table-10
2026-08-20T18:12:51.508Z case-done rest-020-table-10 feedback=188
2026-08-20T18:12:51.509Z case-start rest-021-compound-1
2026-08-20T18:12:51.723Z case-done rest-021-compound-1 feedback=192
2026-08-20T18:12:51.723Z case-start rest-022-compound-2
2026-08-20T18:12:53.264Z case-done rest-022-compound-2 feedback=1504
2026-08-20T18:12:53.265Z case-start rest-023-compound-3
2026-08-20T18:12:53.473Z case-done rest-023-compound-3 feedback=177
2026-08-20T18:12:53.474Z case-start rest-024-compound-4
2026-08-20T18:12:53.715Z case-done rest-024-compound-4 feedback=206
2026-08-20T18:12:53.716Z case-start rest-025-compound-5
2026-08-20T18:12:53.942Z case-done rest-025-compound-5 feedback=190
2026-08-20T18:12:53.942Z case-start rest-026-compound-6
2026-08-20T18:12:55.323Z case-done rest-026-compound-6 feedback=192
2026-08-20T18:12:55.324Z case-start rest-027-compound-7
2026-08-20T18:12:55.519Z case-done rest-027-compound-7 feedback=172
2026-08-20T18:12:55.519Z case-start rest-028-compound-8
2026-08-20T18:12:55.719Z case-done rest-028-compound-8 feedback=175
2026-08-20T18:12:55.719Z case-start rest-029-chart-1
2026-08-20T18:12:57.391Z case-done rest-029-chart-1 feedback=1649
2026-08-20T18:12:57.391Z case-start rest-030-chart-2
2026-08-20T18:12:57.636Z case-done rest-030-chart-2 feedback=209
2026-08-20T18:12:57.637Z case-start rest-031-chart-3
2026-08-20T18:12:57.878Z case-done rest-031-chart-3 feedback=209
2026-08-20T18:12:57.879Z case-start rest-032-chart-4
2026-08-20T18:12:59.604Z case-done rest-032-chart-4 feedback=1692
2026-08-20T18:12:59.605Z case-start rest-033-chart-5
2026-08-20T18:12:59.833Z case-done rest-033-chart-5 feedback=193
2026-08-20T18:12:59.833Z case-start rest-034-chart-6
2026-08-20T18:13:01.481Z case-done rest-034-chart-6 feedback=1613
2026-08-20T18:13:01.482Z case-start rest-035-chart-7
2026-08-20T18:13:01.713Z case-done rest-035-chart-7 feedback=205
2026-08-20T18:13:01.713Z case-start rest-036-chart-8
2026-08-20T18:13:01.937Z case-done rest-036-chart-8 feedback=190
2026-08-20T18:13:01.938Z case-start rest-037-chart-9
2026-08-20T18:13:03.396Z case-done rest-037-chart-9 feedback=193
2026-08-20T18:13:03.396Z case-start rest-038-chart-10
2026-08-20T18:13:03.653Z case-done rest-038-chart-10 feedback=222
2026-08-20T18:13:03.654Z case-start rest-039-chart-11
2026-08-20T18:13:03.897Z case-done rest-039-chart-11 feedback=208
2026-08-20T18:13:03.898Z case-start rest-040-chart-12
2026-08-20T18:13:05.434Z case-done rest-040-chart-12 feedback=1502
2026-08-20T18:13:05.435Z case-start rest-041-fanout-2-1
2026-08-20T18:13:07.831Z case-done rest-041-fanout-2-1 feedback=236
2026-08-20T18:13:07.832Z case-start rest-042-fanout-2-2
2026-08-20T18:13:11.870Z case-done rest-042-fanout-2-2 feedback=1537
2026-08-20T18:13:11.870Z case-start rest-043-fanout-2-3
2026-08-20T18:13:13.844Z case-done rest-043-fanout-2-3 feedback=1553
2026-08-20T18:13:13.844Z case-start rest-044-fanout-2-4
2026-08-20T18:13:15.562Z case-done rest-044-fanout-2-4 feedback=1318
2026-08-20T18:13:15.563Z case-start rest-045-fanout-3-5
2026-08-20T18:13:17.289Z case-done rest-045-fanout-3-5 feedback=264
2026-08-20T18:13:17.289Z case-start rest-046-fanout-3-6
2026-08-20T18:13:19.578Z case-done rest-046-fanout-3-6 feedback=255
2026-08-20T18:13:19.579Z case-start rest-047-fanout-3-7
2026-08-20T18:13:21.833Z case-done rest-047-fanout-3-7 feedback=235
2026-08-20T18:13:21.834Z case-start rest-048-fanout-3-8
2026-08-20T18:13:23.730Z case-done rest-048-fanout-3-8 feedback=1343
2026-08-20T18:13:23.731Z case-start rest-049-fanout-4-9
2026-08-20T18:13:25.337Z case-done rest-049-fanout-4-9 feedback=249
2026-08-20T18:13:25.337Z case-start rest-050-fanout-4-10
2026-08-20T18:13:28.051Z case-done rest-050-fanout-4-10 feedback=221
2026-08-20T18:13:28.052Z case-start rest-051-fanout-4-11
2026-08-20T18:13:31.805Z case-done rest-051-fanout-4-11 feedback=236
2026-08-20T18:13:31.806Z case-start rest-052-fanout-4-12
2026-08-20T18:13:33.977Z case-done rest-052-fanout-4-12 feedback=220
2026-08-20T18:13:33.978Z case-start rest-053-fanout-5-13
2026-08-20T18:13:37.255Z case-done rest-053-fanout-5-13 feedback=1390
2026-08-20T18:13:37.256Z case-start rest-054-fanout-5-14
2026-08-20T18:13:41.254Z case-done rest-054-fanout-5-14 feedback=235
2026-08-20T18:13:41.255Z case-start rest-055-fanout-5-15
2026-08-20T18:13:45.315Z case-done rest-055-fanout-5-15 feedback=239
2026-08-20T18:13:45.316Z case-start rest-056-fanout-5-16
2026-08-20T18:13:48.378Z case-done rest-056-fanout-5-16 feedback=234
2026-08-20T18:13:48.378Z case-start rest-057-fanout-6-17
2026-08-20T18:13:50.109Z case-done rest-057-fanout-6-17 feedback=234
2026-08-20T18:13:50.110Z case-start rest-058-fanout-6-18
2026-08-20T18:13:54.199Z case-done rest-058-fanout-6-18 feedback=2338
2026-08-20T18:13:54.200Z case-start rest-059-fanout-6-19
2026-08-20T18:13:57.621Z case-done rest-059-fanout-6-19 feedback=1490
2026-08-20T18:13:57.622Z case-start rest-060-fanout-6-20
2026-08-20T18:14:00.291Z case-done rest-060-fanout-6-20 feedback=250
2026-08-20T18:14:00.291Z case-start rest-061-single-flight-1
2026-08-20T18:14:01.806Z case-done rest-061-single-flight-1 feedback=1439
2026-08-20T18:14:01.807Z case-start rest-062-single-flight-2
2026-08-20T18:14:03.963Z case-done rest-062-single-flight-2 feedback=2093
2026-08-20T18:14:03.964Z case-start rest-063-single-flight-3
2026-08-20T18:14:06.273Z case-done rest-063-single-flight-3 feedback=2232
2026-08-20T18:14:06.274Z case-start rest-064-single-flight-4
2026-08-20T18:14:07.782Z case-done rest-064-single-flight-4 feedback=1347
2026-08-20T18:14:07.783Z case-start rest-065-single-flight-5
2026-08-20T18:14:10.398Z case-done rest-065-single-flight-5 feedback=2476
2026-08-20T18:14:10.398Z case-start rest-066-single-flight-6
2026-08-20T18:14:11.831Z case-done rest-066-single-flight-6 feedback=1355
2026-08-20T18:14:11.832Z case-start rest-067-single-flight-7
2026-08-20T18:14:13.985Z case-done rest-067-single-flight-7 feedback=2064
2026-08-20T18:14:13.985Z case-start rest-068-single-flight-8
2026-08-20T18:14:16.338Z case-done rest-068-single-flight-8 feedback=2246
2026-08-20T18:14:16.339Z case-start rest-069-pool-cold-1
2026-08-20T18:14:17.760Z case-done rest-069-pool-cold-1 feedback=1394
2026-08-20T18:14:17.761Z case-start rest-070-pool-cold-2
2026-08-20T18:14:20.310Z case-done rest-070-pool-cold-2 feedback=2522
2026-08-20T18:14:20.311Z case-start rest-071-pool-cold-3
2026-08-20T18:14:21.955Z case-done rest-071-pool-cold-3 feedback=1619
2026-08-20T18:14:21.955Z case-start rest-072-pool-cold-4
2026-08-20T18:14:24.098Z case-done rest-072-pool-cold-4 feedback=2109
2026-08-20T18:14:24.098Z case-start rest-073-pool-warm-5
2026-08-20T18:14:24.271Z case-done rest-073-pool-warm-5 feedback=144
2026-08-20T18:14:24.271Z case-start rest-074-pool-warm-6
2026-08-20T18:14:24.454Z case-done rest-074-pool-warm-6 feedback=159
2026-08-20T18:14:24.455Z case-start rest-075-pool-warm-7
2026-08-20T18:14:25.859Z case-done rest-075-pool-warm-7 feedback=1381
2026-08-20T18:14:25.860Z case-start rest-076-pool-warm-8
2026-08-20T18:14:26.056Z case-done rest-076-pool-warm-8 feedback=161
2026-08-20T18:14:26.057Z case-start rest-077-deadline-2300
2026-08-20T18:14:28.479Z case-done rest-077-deadline-2300 feedback=2387
2026-08-20T18:14:28.481Z case-start rest-078-deadline-2400
2026-08-20T18:14:31.824Z case-done rest-078-deadline-2400 feedback=3306
2026-08-20T18:14:31.825Z case-start rest-079-deadline-3001
2026-08-20T18:14:36.409Z case-done rest-079-deadline-3001 feedback=4551
2026-08-20T18:14:36.410Z case-start rest-080-slow-enrichment-2
2026-08-20T18:14:42.032Z case-done rest-080-slow-enrichment-2 feedback=1510
2026-08-20T18:14:42.033Z case-start rest-081-slow-enrichment-3
2026-08-20T18:14:45.066Z case-done rest-081-slow-enrichment-3 feedback=232
2026-08-20T18:14:45.067Z case-start rest-082-cold-handshake-2300
2026-08-20T18:14:48.257Z case-done rest-082-cold-handshake-2300 feedback=3154
2026-08-20T18:14:48.258Z case-start rest-083-partial-1
2026-08-20T18:14:51.134Z case-done rest-083-partial-1 feedback=303
2026-08-20T18:14:51.134Z case-start rest-084-partial-2
2026-08-20T18:14:52.011Z case-done rest-084-partial-2 feedback=250
2026-08-20T18:14:52.012Z case-start rest-085-partial-3
2026-08-20T18:14:55.058Z case-done rest-085-partial-3 feedback=251
2026-08-20T18:14:55.058Z case-start rest-086-partial-4
2026-08-20T18:14:58.804Z case-done rest-086-partial-4 feedback=1454
2026-08-20T18:14:58.805Z case-start rest-087-partial-5
2026-08-20T18:15:00.459Z case-done rest-087-partial-5 feedback=176
2026-08-20T18:15:00.460Z case-start rest-088-partial-6
2026-08-20T18:15:03.884Z case-done rest-088-partial-6 feedback=205
2026-08-20T18:15:03.885Z case-start rest-089-partial-7
2026-08-20T18:15:08.887Z case-done rest-089-partial-7 feedback=206
2026-08-20T18:15:08.887Z case-start rest-090-partial-8
2026-08-20T18:15:13.106Z case-done rest-090-partial-8 feedback=158
2026-08-20T18:15:13.107Z case-start rest-091-all-timeout
2026-08-20T18:15:18.656Z case-done rest-091-all-timeout feedback=2759
2026-08-20T18:15:18.657Z case-start rest-092-user-cancel
2026-08-20T18:15:23.280Z case-done rest-092-user-cancel feedback=2450
2026-08-20T18:15:23.280Z case-start rest-093-empty-table
2026-08-20T18:15:24.068Z case-done rest-093-empty-table feedback=758
2026-08-20T18:15:24.069Z case-start rest-094-empty-facts
2026-08-20T18:15:24.308Z case-done rest-094-empty-facts feedback=208
2026-08-20T18:15:24.308Z case-start rest-095-guarded-buy-no-render
2026-08-20T18:15:24.361Z case-done rest-095-guarded-buy-no-render feedback=30
2026-08-20T18:15:24.363Z case-start rest-096-guarded-sell-no-render
2026-08-20T18:15:24.413Z case-done rest-096-guarded-sell-no-render feedback=23
2026-08-20T18:15:24.414Z case-start rest-097-excluded-split-base
2026-08-20T18:15:24.501Z case-done rest-097-excluded-split-base feedback=50
2026-08-20T18:15:24.502Z case-start rest-098-oauth-hidden
2026-08-20T18:15:24.554Z case-done rest-098-oauth-hidden feedback=28
2026-08-20T18:15:24.555Z case-start rest-099-unknown-ref
2026-08-20T18:15:24.644Z case-done rest-099-unknown-ref feedback=56
2026-08-20T18:15:24.644Z case-start rest-100-manifest-type-authority
2026-08-20T18:15:24.716Z case-done rest-100-manifest-type-authority feedback=38
2026-08-20T18:15:24.758Z backend-exit code=null signal=SIGTERM
