2026-08-20T18:00:02.026Z backend-spawn pid=44880 port=49680
2026-08-20T18:00:05.024Z backend-healthy
2026-08-20T18:00:05.025Z electron-ready
2026-08-20T18:00:05.056Z main-required
2026-08-20T18:00:08.859Z windows-created
2026-08-20T18:00:08.859Z case-start rest-001-facts-1
2026-08-20T18:00:09.255Z case-done rest-001-facts-1 feedback=349
2026-08-20T18:00:09.256Z case-start rest-002-facts-2
2026-08-20T18:00:09.486Z case-done rest-002-facts-2 feedback=201
2026-08-20T18:00:09.487Z case-start rest-003-facts-3
2026-08-20T18:00:09.688Z case-done rest-003-facts-3 feedback=176
2026-08-20T18:00:09.690Z case-start rest-004-facts-4
2026-08-20T18:00:09.914Z case-done rest-004-facts-4 feedback=190
2026-08-20T18:00:09.915Z case-start rest-005-facts-5
2026-08-20T18:00:10.141Z case-done rest-005-facts-5 feedback=203
2026-08-20T18:00:10.142Z case-start rest-006-facts-6
2026-08-20T18:00:10.366Z case-done rest-006-facts-6 feedback=189
2026-08-20T18:00:10.366Z case-start rest-007-facts-7
2026-08-20T18:00:10.608Z case-done rest-007-facts-7 feedback=206
2026-08-20T18:00:10.609Z case-start rest-008-facts-8
2026-08-20T18:00:10.833Z case-done rest-008-facts-8 feedback=188
2026-08-20T18:00:10.834Z case-start rest-009-facts-9
2026-08-20T18:00:14.010Z case-done rest-009-facts-9 feedback=169
2026-08-20T18:00:14.011Z case-start rest-010-facts-10
2026-08-20T18:00:14.254Z case-done rest-010-facts-10 feedback=205
2026-08-20T18:00:14.255Z case-start rest-011-table-1
2026-08-20T18:00:14.480Z case-done rest-011-table-1 feedback=190
2026-08-20T18:00:14.481Z case-start rest-012-table-2
2026-08-20T18:00:14.692Z case-done rest-012-table-2 feedback=188
2026-08-20T18:00:14.692Z case-start rest-013-table-3
2026-08-20T18:00:14.909Z case-done rest-013-table-3 feedback=192
2026-08-20T18:00:14.910Z case-start rest-014-table-4
2026-08-20T18:00:15.107Z case-done rest-014-table-4 feedback=161
2026-08-20T18:00:15.108Z case-start rest-015-table-5
2026-08-20T18:00:15.349Z case-done rest-015-table-5 feedback=204
2026-08-20T18:00:15.349Z case-start rest-016-table-6
2026-08-20T18:00:15.575Z case-done rest-016-table-6 feedback=204
2026-08-20T18:00:15.576Z case-start rest-017-table-7
2026-08-20T18:00:15.801Z case-done rest-017-table-7 feedback=189
2026-08-20T18:00:15.802Z case-start rest-018-table-8
2026-08-20T18:00:17.861Z case-done rest-018-table-8 feedback=2024
2026-08-20T18:00:17.862Z case-start rest-019-table-9
2026-08-20T18:00:19.757Z case-done rest-019-table-9 feedback=177
2026-08-20T18:00:19.758Z case-start rest-020-table-10
2026-08-20T18:00:21.094Z case-done rest-020-table-10 feedback=1314
2026-08-20T18:00:21.094Z case-start rest-021-compound-1
2026-08-20T18:00:21.303Z case-done rest-021-compound-1 feedback=172
2026-08-20T18:00:21.303Z case-start rest-022-compound-2
2026-08-20T18:00:21.499Z case-done rest-022-compound-2 feedback=174
2026-08-20T18:00:21.499Z case-start rest-023-compound-3
2026-08-20T18:00:21.710Z case-done rest-023-compound-3 feedback=190
2026-08-20T18:00:21.711Z case-start rest-024-compound-4
2026-08-20T18:00:23.112Z case-done rest-024-compound-4 feedback=1379
2026-08-20T18:00:23.113Z case-start rest-025-compound-5
2026-08-20T18:00:23.317Z case-done rest-025-compound-5 feedback=176
2026-08-20T18:00:23.318Z case-start rest-026-compound-6
2026-08-20T18:00:23.545Z case-done rest-026-compound-6 feedback=205
2026-08-20T18:00:23.546Z case-start rest-027-compound-7
2026-08-20T18:00:23.742Z case-done rest-027-compound-7 feedback=175
2026-08-20T18:00:23.742Z case-start rest-028-compound-8
2026-08-20T18:00:25.264Z case-done rest-028-compound-8 feedback=1500
2026-08-20T18:00:25.264Z case-start rest-029-chart-1
2026-08-20T18:00:25.658Z case-done rest-029-chart-1 feedback=356
2026-08-20T18:00:25.659Z case-start rest-030-chart-2
2026-08-20T18:00:25.887Z case-done rest-030-chart-2 feedback=194
2026-08-20T18:00:25.888Z case-start rest-031-chart-3
2026-08-20T18:00:27.292Z case-done rest-031-chart-3 feedback=180
2026-08-20T18:00:27.293Z case-start rest-032-chart-4
2026-08-20T18:00:27.548Z case-done rest-032-chart-4 feedback=221
2026-08-20T18:00:27.549Z case-start rest-033-chart-5
2026-08-20T18:00:27.790Z case-done rest-033-chart-5 feedback=208
2026-08-20T18:00:27.791Z case-start rest-034-chart-6
2026-08-20T18:00:30.081Z case-done rest-034-chart-6 feedback=2256
2026-08-20T18:00:30.081Z case-start rest-035-chart-7
2026-08-20T18:00:30.281Z case-done rest-035-chart-7 feedback=177
2026-08-20T18:00:30.282Z case-start rest-036-chart-8
2026-08-20T18:00:30.509Z case-done rest-036-chart-8 feedback=194
2026-08-20T18:00:30.510Z case-start rest-037-chart-9
2026-08-20T18:00:30.767Z case-done rest-037-chart-9 feedback=222
2026-08-20T18:00:30.768Z case-start rest-038-chart-10
2026-08-20T18:00:31.011Z case-done rest-038-chart-10 feedback=208
2026-08-20T18:00:31.012Z case-start rest-039-chart-11
2026-08-20T18:00:31.225Z case-done rest-039-chart-11 feedback=178
2026-08-20T18:00:31.225Z case-start rest-040-chart-12
2026-08-20T18:00:31.466Z case-done rest-040-chart-12 feedback=207
2026-08-20T18:00:31.466Z case-start rest-041-fanout-2-1
2026-08-20T18:00:33.782Z case-done rest-041-fanout-2-1 feedback=265
2026-08-20T18:00:33.783Z case-start rest-042-fanout-2-2
2026-08-20T18:00:35.602Z case-done rest-042-fanout-2-2 feedback=1399
2026-08-20T18:00:35.602Z case-start rest-043-fanout-2-3
2026-08-20T18:00:37.442Z case-done rest-043-fanout-2-3 feedback=235
2026-08-20T18:00:37.443Z case-start rest-044-fanout-2-4
2026-08-20T18:00:40.168Z case-done rest-044-fanout-2-4 feedback=246
2026-08-20T18:00:40.169Z case-start rest-045-fanout-3-5
2026-08-20T18:00:40.951Z case-done rest-045-fanout-3-5 feedback=229
2026-08-20T18:00:40.951Z case-start rest-046-fanout-3-6
2026-08-20T18:00:41.765Z case-done rest-046-fanout-3-6 feedback=250
2026-08-20T18:00:41.766Z case-start rest-047-fanout-3-7
2026-08-20T18:00:43.939Z case-done rest-047-fanout-3-7 feedback=235
2026-08-20T18:00:43.940Z case-start rest-048-fanout-3-8
2026-08-20T18:00:46.948Z case-done rest-048-fanout-3-8 feedback=2449
2026-08-20T18:00:46.949Z case-start rest-049-fanout-4-9
2026-08-20T18:00:47.922Z case-done rest-049-fanout-4-9 feedback=264
2026-08-20T18:00:47.923Z case-start rest-050-fanout-4-10
2026-08-20T18:00:49.766Z case-done rest-050-fanout-4-10 feedback=234
2026-08-20T18:00:49.767Z case-start rest-051-fanout-4-11
2026-08-20T18:00:52.112Z case-done rest-051-fanout-4-11 feedback=249
2026-08-20T18:00:52.113Z case-start rest-052-fanout-4-12
2026-08-20T18:00:56.570Z case-done rest-052-fanout-4-12 feedback=245
2026-08-20T18:00:56.570Z case-start rest-053-fanout-5-13
2026-08-20T18:00:58.068Z case-done rest-053-fanout-5-13 feedback=235
2026-08-20T18:00:58.070Z case-start rest-054-fanout-5-14
2026-08-20T18:01:01.334Z case-done rest-054-fanout-5-14 feedback=236
2026-08-20T18:01:01.335Z case-start rest-055-fanout-5-15
2026-08-20T18:01:04.364Z case-done rest-055-fanout-5-15 feedback=249
2026-08-20T18:01:04.365Z case-start rest-056-fanout-5-16
2026-08-20T18:01:08.311Z case-done rest-056-fanout-5-16 feedback=1720
2026-08-20T18:01:08.312Z case-start rest-057-fanout-6-17
2026-08-20T18:01:12.968Z case-done rest-057-fanout-6-17 feedback=221
2026-08-20T18:01:12.969Z case-start rest-058-fanout-6-18
2026-08-20T18:01:14.741Z case-done rest-058-fanout-6-18 feedback=253
2026-08-20T18:01:14.741Z case-start rest-059-fanout-6-19
2026-08-20T18:01:19.120Z case-done rest-059-fanout-6-19 feedback=1336
2026-08-20T18:01:19.121Z case-start rest-060-fanout-6-20
2026-08-20T18:01:20.901Z case-done rest-060-fanout-6-20 feedback=249
2026-08-20T18:01:20.902Z case-start rest-061-single-flight-1
2026-08-20T18:01:22.304Z case-done rest-061-single-flight-1 feedback=1312
2026-08-20T18:01:22.305Z case-start rest-062-single-flight-2
2026-08-20T18:01:24.471Z case-done rest-062-single-flight-2 feedback=2083
2026-08-20T18:01:24.471Z case-start rest-063-single-flight-3
2026-08-20T18:01:26.122Z case-done rest-063-single-flight-3 feedback=553
2026-08-20T18:01:26.123Z case-start rest-064-single-flight-4
2026-08-20T18:01:26.931Z case-done rest-064-single-flight-4 feedback=614
2026-08-20T18:01:26.932Z case-start rest-065-single-flight-5
2026-08-20T18:01:29.408Z case-done rest-065-single-flight-5 feedback=2348
2026-08-20T18:01:29.408Z case-start rest-066-single-flight-6
2026-08-20T18:01:30.220Z case-done rest-066-single-flight-6 feedback=746
2026-08-20T18:01:30.221Z case-start rest-067-single-flight-7
2026-08-20T18:01:31.049Z case-done rest-067-single-flight-7 feedback=749
2026-08-20T18:01:31.050Z case-start rest-068-single-flight-8
2026-08-20T18:01:32.527Z case-done rest-068-single-flight-8 feedback=1377
2026-08-20T18:01:32.528Z case-start rest-069-pool-cold-1
2026-08-20T18:01:34.711Z case-done rest-069-pool-cold-1 feedback=2151
2026-08-20T18:01:34.712Z case-start rest-070-pool-cold-2
2026-08-20T18:01:37.260Z case-done rest-070-pool-cold-2 feedback=2522
2026-08-20T18:01:37.261Z case-start rest-071-pool-cold-3
2026-08-20T18:01:38.510Z case-done rest-071-pool-cold-3 feedback=1222
2026-08-20T18:01:38.510Z case-start rest-072-pool-cold-4
2026-08-20T18:01:41.395Z case-done rest-072-pool-cold-4 feedback=2862
2026-08-20T18:01:41.396Z case-start rest-073-pool-warm-5
2026-08-20T18:01:41.582Z case-done rest-073-pool-warm-5 feedback=161
2026-08-20T18:01:41.583Z case-start rest-074-pool-warm-6
2026-08-20T18:01:41.749Z case-done rest-074-pool-warm-6 feedback=143
2026-08-20T18:01:41.749Z case-start rest-075-pool-warm-7
2026-08-20T18:01:41.946Z case-done rest-075-pool-warm-7 feedback=174
2026-08-20T18:01:41.947Z case-start rest-076-pool-warm-8
2026-08-20T18:01:42.146Z case-done rest-076-pool-warm-8 feedback=178
2026-08-20T18:01:42.147Z case-start rest-077-deadline-2300
2026-08-20T18:01:44.567Z case-done rest-077-deadline-2300 feedback=2386
2026-08-20T18:01:44.567Z case-start rest-078-deadline-2400
2026-08-20T18:01:47.140Z case-done rest-078-deadline-2400 feedback=2549
2026-08-20T18:01:47.141Z case-start rest-079-deadline-3001
2026-08-20T18:01:50.688Z case-done rest-079-deadline-3001 feedback=3518
2026-08-20T18:01:50.689Z case-start rest-080-slow-enrichment-2
2026-08-20T18:01:54.666Z case-done rest-080-slow-enrichment-2 feedback=311
2026-08-20T18:01:54.667Z case-start rest-081-slow-enrichment-3
2026-08-20T18:01:58.673Z case-done rest-081-slow-enrichment-3 feedback=235
2026-08-20T18:01:58.674Z case-start rest-082-cold-handshake-2300
2026-08-20T18:02:01.189Z case-done rest-082-cold-handshake-2300 feedback=2481
2026-08-20T18:02:01.190Z case-start rest-083-partial-1
2026-08-20T18:02:04.231Z case-done rest-083-partial-1 feedback=2105
2026-08-20T18:02:04.231Z case-start rest-084-partial-2
2026-08-20T18:02:05.104Z case-done rest-084-partial-2 feedback=250
2026-08-20T18:02:05.105Z case-start rest-085-partial-3
2026-08-20T18:02:10.815Z case-done rest-085-partial-3 feedback=256
2026-08-20T18:02:10.816Z case-start rest-086-partial-4
2026-08-20T18:02:13.789Z case-done rest-086-partial-4 feedback=235
2026-08-20T18:02:13.790Z case-start rest-087-partial-5
2026-08-20T18:02:14.594Z case-done rest-087-partial-5 feedback=174
2026-08-20T18:02:14.594Z case-start rest-088-partial-6
2026-08-20T18:02:17.569Z case-done rest-088-partial-6 feedback=208
2026-08-20T18:02:17.570Z case-start rest-089-partial-7
2026-08-20T18:02:23.039Z case-done rest-089-partial-7 feedback=1497
2026-08-20T18:02:23.040Z case-start rest-090-partial-8
2026-08-20T18:02:27.995Z case-done rest-090-partial-8 feedback=142
2026-08-20T18:02:27.996Z case-start rest-091-all-timeout
2026-08-20T18:02:31.122Z case-done rest-091-all-timeout feedback=3099
2026-08-20T18:02:31.122Z case-start rest-092-user-cancel
2026-08-20T18:02:36.165Z case-done rest-092-user-cancel feedback=2588
2026-08-20T18:02:36.165Z case-start rest-093-empty-table
2026-08-20T18:02:36.366Z case-done rest-093-empty-table feedback=175
2026-08-20T18:02:36.367Z case-start rest-094-empty-facts
2026-08-20T18:02:36.608Z case-done rest-094-empty-facts feedback=219
2026-08-20T18:02:36.609Z case-start rest-095-guarded-buy-no-render
2026-08-20T18:02:40.233Z case-done rest-095-guarded-buy-no-render feedback=3600
2026-08-20T18:02:40.233Z case-start rest-096-guarded-sell-no-render
2026-08-20T18:02:44.343Z case-done rest-096-guarded-sell-no-render feedback=4078
2026-08-20T18:02:44.343Z case-start rest-097-excluded-split-base
2026-08-20T18:02:48.025Z case-done rest-097-excluded-split-base feedback=3659
2026-08-20T18:02:48.025Z case-start rest-098-oauth-hidden
2026-08-20T18:02:50.174Z case-done rest-098-oauth-hidden feedback=2126
2026-08-20T18:02:50.174Z case-start rest-099-unknown-ref
2026-08-20T18:02:52.329Z case-done rest-099-unknown-ref feedback=2118
2026-08-20T18:02:52.330Z case-start rest-100-manifest-type-authority
2026-08-20T18:02:56.176Z case-done rest-100-manifest-type-authority feedback=3815
2026-08-20T18:02:56.188Z backend-exit code=null signal=SIGTERM
