2026-08-20T17:47:00.895Z backend-spawn pid=51916 port=58901
2026-08-20T17:47:03.882Z backend-healthy
2026-08-20T17:47:03.883Z electron-ready
2026-08-20T17:47:03.917Z main-required
2026-08-20T17:47:07.711Z windows-created
2026-08-20T17:47:07.712Z case-start rest-001-facts-1
2026-08-20T17:47:08.298Z case-done rest-001-facts-1 feedback=555
2026-08-20T17:47:08.298Z case-start rest-002-facts-2
2026-08-20T17:47:08.644Z case-done rest-002-facts-2 feedback=313
2026-08-20T17:47:08.645Z case-start rest-003-facts-3
2026-08-20T17:47:08.959Z case-done rest-003-facts-3 feedback=282
2026-08-20T17:47:08.961Z case-start rest-004-facts-4
2026-08-20T17:47:09.276Z case-done rest-004-facts-4 feedback=282
2026-08-20T17:47:09.277Z case-start rest-005-facts-5
2026-08-20T17:47:09.609Z case-done rest-005-facts-5 feedback=298
2026-08-20T17:47:09.609Z case-start rest-006-facts-6
2026-08-20T17:47:13.670Z case-done rest-006-facts-6 feedback=4028
2026-08-20T17:47:13.671Z case-start rest-007-facts-7
2026-08-20T17:47:15.167Z case-done rest-007-facts-7 feedback=1472
2026-08-20T17:47:15.167Z case-start rest-008-facts-8
2026-08-20T17:47:15.485Z case-done rest-008-facts-8 feedback=289
2026-08-20T17:47:15.485Z case-start rest-009-facts-9
2026-08-20T17:47:17.433Z case-done rest-009-facts-9 feedback=1918
2026-08-20T17:47:17.433Z case-start rest-010-facts-10
2026-08-20T17:47:17.708Z case-done rest-010-facts-10 feedback=253
2026-08-20T17:47:17.709Z case-start rest-011-table-1
2026-08-20T17:47:19.411Z case-done rest-011-table-1 feedback=1668
2026-08-20T17:47:19.412Z case-start rest-012-table-2
2026-08-20T17:47:21.563Z case-done rest-012-table-2 feedback=2115
2026-08-20T17:47:21.564Z case-start rest-013-table-3
2026-08-20T17:47:23.073Z case-done rest-013-table-3 feedback=1486
2026-08-20T17:47:23.074Z case-start rest-014-table-4
2026-08-20T17:47:23.441Z case-done rest-014-table-4 feedback=334
2026-08-20T17:47:23.442Z case-start rest-015-table-5
2026-08-20T17:47:25.697Z case-done rest-015-table-5 feedback=2225
2026-08-20T17:47:25.698Z case-start rest-016-table-6
2026-08-20T17:47:26.903Z case-done rest-016-table-6 feedback=1170
2026-08-20T17:47:26.903Z case-start rest-017-table-7
2026-08-20T17:47:27.282Z case-done rest-017-table-7 feedback=350
2026-08-20T17:47:27.283Z case-start rest-018-table-8
2026-08-20T17:47:27.567Z case-done rest-018-table-8 feedback=255
2026-08-20T17:47:27.568Z case-start rest-019-table-9
2026-08-20T17:47:29.939Z case-done rest-019-table-9 feedback=2339
2026-08-20T17:47:29.939Z case-start rest-020-table-10
2026-08-20T17:47:30.675Z case-done rest-020-table-10 feedback=713
2026-08-20T17:47:30.676Z case-start rest-021-compound-1
2026-08-20T17:47:31.451Z case-done rest-021-compound-1 feedback=749
2026-08-20T17:47:31.452Z case-start rest-022-compound-2
2026-08-20T17:47:31.752Z case-done rest-022-compound-2 feedback=272
2026-08-20T17:47:31.752Z case-start rest-023-compound-3
2026-08-20T17:47:33.820Z case-done rest-023-compound-3 feedback=2035
2026-08-20T17:47:33.821Z case-start rest-024-compound-4
2026-08-20T17:47:35.456Z case-done rest-024-compound-4 feedback=1606
2026-08-20T17:47:35.457Z case-start rest-025-compound-5
2026-08-20T17:47:35.805Z case-done rest-025-compound-5 feedback=315
2026-08-20T17:47:35.806Z case-start rest-026-compound-6
2026-08-20T17:47:37.807Z case-done rest-026-compound-6 feedback=1969
2026-08-20T17:47:37.808Z case-start rest-027-compound-7
2026-08-20T17:47:40.087Z case-done rest-027-compound-7 feedback=2244
2026-08-20T17:47:40.088Z case-start rest-028-compound-8
2026-08-20T17:47:40.376Z case-done rest-028-compound-8 feedback=253
2026-08-20T17:47:40.377Z case-start rest-029-chart-1
2026-08-20T17:47:43.688Z case-done rest-029-chart-1 feedback=3276
2026-08-20T17:47:43.688Z case-start rest-030-chart-2
2026-08-20T17:47:48.098Z case-done rest-030-chart-2 feedback=4379
2026-08-20T17:47:48.099Z case-start rest-031-chart-3
2026-08-20T17:47:48.433Z case-done rest-031-chart-3 feedback=307
2026-08-20T17:47:48.433Z case-start rest-032-chart-4
2026-08-20T17:47:48.761Z case-done rest-032-chart-4 feedback=302
2026-08-20T17:47:48.761Z case-start rest-033-chart-5
2026-08-20T17:47:49.106Z case-done rest-033-chart-5 feedback=314
2026-08-20T17:47:49.107Z case-start rest-034-chart-6
2026-08-20T17:47:52.274Z case-done rest-034-chart-6 feedback=3132
2026-08-20T17:47:52.274Z case-start rest-035-chart-7
2026-08-20T17:47:56.432Z case-done rest-035-chart-7 feedback=4134
2026-08-20T17:47:56.432Z case-start rest-036-chart-8
2026-08-20T17:47:57.257Z case-done rest-036-chart-8 feedback=787
2026-08-20T17:47:57.257Z case-start rest-037-chart-9
2026-08-20T17:47:57.606Z case-done rest-037-chart-9 feedback=317
2026-08-20T17:47:57.607Z case-start rest-038-chart-10
2026-08-20T17:47:57.909Z case-done rest-038-chart-10 feedback=271
2026-08-20T17:47:57.910Z case-start rest-039-chart-11
2026-08-20T17:48:00.292Z case-done rest-039-chart-11 feedback=2350
2026-08-20T17:48:00.293Z case-start rest-040-chart-12
2026-08-20T17:48:02.593Z case-done rest-040-chart-12 feedback=2269
2026-08-20T17:48:02.594Z case-start rest-041-fanout-2-1
2026-08-20T17:48:04.114Z case-done rest-041-fanout-2-1 feedback=736
2026-08-20T17:48:04.114Z case-start rest-042-fanout-2-2
2026-08-20T17:48:06.179Z case-done rest-042-fanout-2-2 feedback=329
2026-08-20T17:48:06.180Z case-start rest-043-fanout-2-3
2026-08-20T17:48:08.299Z case-done rest-043-fanout-2-3 feedback=312
2026-08-20T17:48:08.299Z case-start rest-044-fanout-2-4
2026-08-20T17:48:10.363Z case-done rest-044-fanout-2-4 feedback=1501
2026-08-20T17:48:10.364Z case-start rest-045-fanout-3-5
2026-08-20T17:48:14.130Z case-done rest-045-fanout-3-5 feedback=1428
2026-08-20T17:48:14.130Z case-start rest-046-fanout-3-6
2026-08-20T17:48:18.293Z case-done rest-046-fanout-3-6 feedback=322
2026-08-20T17:48:18.294Z case-start rest-047-fanout-3-7
2026-08-20T17:48:21.754Z case-done rest-047-fanout-3-7 feedback=1948
2026-08-20T17:48:21.754Z case-start rest-048-fanout-3-8
2026-08-20T17:48:24.261Z case-done rest-048-fanout-3-8 feedback=317
2026-08-20T17:48:24.262Z case-start rest-049-fanout-4-9
2026-08-20T17:48:29.473Z case-done rest-049-fanout-4-9 feedback=2134
2026-08-20T17:48:29.473Z case-start rest-050-fanout-4-10
2026-08-20T17:48:30.793Z case-done rest-050-fanout-4-10 feedback=346
2026-08-20T17:48:30.793Z case-start rest-051-fanout-4-11
2026-08-20T17:48:34.260Z case-done rest-051-fanout-4-11 feedback=341
2026-08-20T17:48:34.260Z case-start rest-052-fanout-4-12
2026-08-20T17:48:36.273Z case-done rest-052-fanout-4-12 feedback=357
2026-08-20T17:48:36.274Z case-start rest-053-fanout-5-13
2026-08-20T17:48:40.142Z case-done rest-053-fanout-5-13 feedback=379
2026-08-20T17:48:40.143Z case-start rest-054-fanout-5-14
2026-08-20T17:48:44.211Z case-done rest-054-fanout-5-14 feedback=326
2026-08-20T17:48:44.211Z case-start rest-055-fanout-5-15
2026-08-20T17:48:49.243Z case-done rest-055-fanout-5-15 feedback=362
2026-08-20T17:48:49.244Z case-start rest-056-fanout-5-16
2026-08-20T17:48:54.137Z case-done rest-056-fanout-5-16 feedback=778
2026-08-20T17:48:54.137Z case-start rest-057-fanout-6-17
2026-08-20T17:48:58.325Z case-done rest-057-fanout-6-17 feedback=767
2026-08-20T17:48:58.326Z case-start rest-058-fanout-6-18
2026-08-20T17:49:01.824Z case-done rest-058-fanout-6-18 feedback=367
2026-08-20T17:49:01.824Z case-start rest-059-fanout-6-19
2026-08-20T17:49:05.754Z case-done rest-059-fanout-6-19 feedback=348
2026-08-20T17:49:05.756Z case-start rest-060-fanout-6-20
2026-08-20T17:49:10.039Z case-done rest-060-fanout-6-20 feedback=421
2026-08-20T17:49:10.040Z case-start rest-061-single-flight-1
2026-08-20T17:49:12.049Z case-done rest-061-single-flight-1 feedback=1935
2026-08-20T17:49:12.050Z case-start rest-062-single-flight-2
2026-08-20T17:49:14.080Z case-done rest-062-single-flight-2 feedback=1944
2026-08-20T17:49:14.081Z case-start rest-063-single-flight-3
2026-08-20T17:49:16.905Z case-done rest-063-single-flight-3 feedback=2744
2026-08-20T17:49:16.906Z case-start rest-064-single-flight-4
2026-08-20T17:49:18.050Z case-done rest-064-single-flight-4 feedback=843
2026-08-20T17:49:18.052Z case-start rest-065-single-flight-5
2026-08-20T17:49:20.421Z case-done rest-065-single-flight-5 feedback=2219
2026-08-20T17:49:20.422Z case-start rest-066-single-flight-6
2026-08-20T17:49:23.191Z case-done rest-066-single-flight-6 feedback=2702
2026-08-20T17:49:23.192Z case-start rest-067-single-flight-7
2026-08-20T17:49:24.078Z case-done rest-067-single-flight-7 feedback=812
2026-08-20T17:49:24.079Z case-start rest-068-single-flight-8
2026-08-20T17:49:27.468Z case-done rest-068-single-flight-8 feedback=925
2026-08-20T17:49:27.469Z case-start rest-069-pool-cold-1
2026-08-20T17:49:28.541Z case-done rest-069-pool-cold-1 feedback=1046
2026-08-20T17:49:28.542Z case-start rest-070-pool-cold-2
2026-08-20T17:49:30.975Z case-done rest-070-pool-cold-2 feedback=2405
2026-08-20T17:49:30.976Z case-start rest-071-pool-cold-3
2026-08-20T17:49:32.859Z case-done rest-071-pool-cold-3 feedback=1862
2026-08-20T17:49:32.860Z case-start rest-072-pool-cold-4
2026-08-20T17:49:35.181Z case-done rest-072-pool-cold-4 feedback=2292
2026-08-20T17:49:35.182Z case-start rest-073-pool-warm-5
2026-08-20T17:49:36.968Z case-done rest-073-pool-warm-5 feedback=1750
2026-08-20T17:49:36.969Z case-start rest-074-pool-warm-6
2026-08-20T17:49:39.107Z case-done rest-074-pool-warm-6 feedback=2115
2026-08-20T17:49:39.108Z case-start rest-075-pool-warm-7
2026-08-20T17:49:39.420Z case-done rest-075-pool-warm-7 feedback=286
2026-08-20T17:49:39.421Z case-start rest-076-pool-warm-8
2026-08-20T17:49:41.090Z case-done rest-076-pool-warm-8 feedback=1638
2026-08-20T17:49:41.091Z case-start rest-077-deadline-2900
2026-08-20T17:49:44.029Z case-done rest-077-deadline-2900 feedback=2915
2026-08-20T17:49:44.030Z case-start rest-078-deadline-2400
2026-08-20T17:49:47.542Z case-done rest-078-deadline-2400 feedback=3479
2026-08-20T17:49:47.542Z case-start rest-079-deadline-3001
2026-08-20T17:49:52.720Z case-done rest-079-deadline-3001 feedback=5154
2026-08-20T17:49:52.721Z case-start rest-080-slow-enrichment-2
2026-08-20T17:49:56.208Z case-done rest-080-slow-enrichment-2 feedback=496
2026-08-20T17:49:56.208Z case-start rest-081-slow-enrichment-3
2026-08-20T17:50:00.890Z case-done rest-081-slow-enrichment-3 feedback=393
2026-08-20T17:50:00.891Z case-start rest-082-cold-handshake-2800
2026-08-20T17:50:04.817Z case-done rest-082-cold-handshake-2800 feedback=3894
2026-08-20T17:50:04.818Z case-start rest-083-partial-1
2026-08-20T17:50:05.870Z case-done rest-083-partial-1 feedback=427
2026-08-20T17:50:05.871Z case-start rest-084-partial-2
2026-08-20T17:50:08.603Z case-done rest-084-partial-2 feedback=402
2026-08-20T17:50:08.604Z case-start rest-085-partial-3
2026-08-20T17:50:14.372Z case-done rest-085-partial-3 feedback=1520
2026-08-20T17:50:14.373Z case-start rest-086-partial-4
2026-08-20T17:50:18.138Z case-done rest-086-partial-4 feedback=399
2026-08-20T17:50:18.138Z case-start rest-087-partial-5
2026-08-20T17:50:21.100Z case-done rest-087-partial-5 feedback=277
2026-08-20T17:50:21.101Z case-start rest-088-partial-6
2026-08-20T17:50:24.806Z case-done rest-088-partial-6 feedback=337
2026-08-20T17:50:24.807Z case-start rest-089-partial-7
2026-08-20T17:50:32.605Z case-done rest-089-partial-7 feedback=1748
2026-08-20T17:50:32.606Z case-start rest-090-partial-8
2026-08-20T17:50:38.296Z case-done rest-090-partial-8 feedback=307
2026-08-20T17:50:38.296Z case-start rest-091-all-timeout
2026-08-20T17:50:42.029Z case-done rest-091-all-timeout feedback=3709
2026-08-20T17:50:42.030Z case-start rest-092-user-cancel
2026-08-20T17:50:45.318Z case-done rest-092-user-cancel feedback=1056
2026-08-20T17:50:45.319Z case-start rest-093-empty-table
2026-08-20T17:50:45.655Z case-done rest-093-empty-table feedback=306
2026-08-20T17:50:45.655Z case-start rest-094-empty-facts
2026-08-20T17:50:46.011Z case-done rest-094-empty-facts feedback=329
2026-08-20T17:50:46.011Z case-start rest-095-guarded-buy-no-render
2026-08-20T17:50:49.253Z case-done rest-095-guarded-buy-no-render feedback=3207
2026-08-20T17:50:49.253Z case-start rest-096-guarded-sell-no-render
2026-08-20T17:50:51.739Z case-done rest-096-guarded-sell-no-render feedback=2451
2026-08-20T17:50:51.740Z case-start rest-097-excluded-split-base
2026-08-20T17:50:53.888Z case-done rest-097-excluded-split-base feedback=2117
2026-08-20T17:50:53.889Z case-start rest-098-oauth-hidden
2026-08-20T17:50:56.057Z case-done rest-098-oauth-hidden feedback=2134
2026-08-20T17:50:56.058Z case-start rest-099-unknown-ref
2026-08-20T17:51:02.214Z case-done rest-099-unknown-ref feedback=3934
2026-08-20T17:51:02.215Z case-start rest-100-manifest-type-authority
2026-08-20T17:51:06.477Z case-done rest-100-manifest-type-authority feedback=4240
2026-08-20T17:51:06.489Z backend-exit code=null signal=SIGTERM
